Archive member included to satisfy reference by file (symbol)

C:/ST/STM32CubeIDE_2.1.1/STM32CubeIDE/plugins/com.st.stm32cube.ide.mcu.externaltools.gnu-tools-for-stm32.14.3.rel1.win32_1.0.100.202602081740/tools/bin/../lib/gcc/arm-none-eabi/14.3.1/../../../../arm-none-eabi/lib/thumb/v7e-m+fp/hard\libc_nano.a(libc_a-exit.o)
                              C:/ST/STM32CubeIDE_2.1.1/STM32CubeIDE/plugins/com.st.stm32cube.ide.mcu.externaltools.gnu-tools-for-stm32.14.3.rel1.win32_1.0.100.202602081740/tools/bin/../lib/gcc/arm-none-eabi/14.3.1/../../../../arm-none-eabi/lib/thumb/v7e-m+fp/hard/crt0.o (exit)
C:/ST/STM32CubeIDE_2.1.1/STM32CubeIDE/plugins/com.st.stm32cube.ide.mcu.externaltools.gnu-tools-for-stm32.14.3.rel1.win32_1.0.100.202602081740/tools/bin/../lib/gcc/arm-none-eabi/14.3.1/../../../../arm-none-eabi/lib/thumb/v7e-m+fp/hard\libc_nano.a(libc_a-nano-vfprintf_float.o)
                              (_printf_float)
C:/ST/STM32CubeIDE_2.1.1/STM32CubeIDE/plugins/com.st.stm32cube.ide.mcu.externaltools.gnu-tools-for-stm32.14.3.rel1.win32_1.0.100.202602081740/tools/bin/../lib/gcc/arm-none-eabi/14.3.1/../../../../arm-none-eabi/lib/thumb/v7e-m+fp/hard\libc_nano.a(libc_a-nano-vfprintf_i.o)
                              C:/ST/STM32CubeIDE_2.1.1/STM32CubeIDE/plugins/com.st.stm32cube.ide.mcu.externaltools.gnu-tools-for-stm32.14.3.rel1.win32_1.0.100.202602081740/tools/bin/../lib/gcc/arm-none-eabi/14.3.1/../../../../arm-none-eabi/lib/thumb/v7e-m+fp/hard\libc_nano.a(libc_a-nano-vfprintf_float.o) (_printf_common)
C:/ST/STM32CubeIDE_2.1.1/STM32CubeIDE/plugins/com.st.stm32cube.ide.mcu.externaltools.gnu-tools-for-stm32.14.3.rel1.win32_1.0.100.202602081740/tools/bin/../lib/gcc/arm-none-eabi/14.3.1/../../../../arm-none-eabi/lib/thumb/v7e-m+fp/hard\libc_nano.a(libc_a-findfp.o)
                              C:/ST/STM32CubeIDE_2.1.1/STM32CubeIDE/plugins/com.st.stm32cube.ide.mcu.externaltools.gnu-tools-for-stm32.14.3.rel1.win32_1.0.100.202602081740/tools/bin/../lib/gcc/arm-none-eabi/14.3.1/../../../../arm-none-eabi/lib/thumb/v7e-m+fp/hard\libc_nano.a(libc_a-exit.o) (__stdio_exit_handler)
C:/ST/STM32CubeIDE_2.1.1/STM32CubeIDE/plugins/com.st.stm32cube.ide.mcu.externaltools.gnu-tools-for-stm32.14.3.rel1.win32_1.0.100.202602081740/tools/bin/../lib/gcc/arm-none-eabi/14.3.1/../../../../arm-none-eabi/lib/thumb/v7e-m+fp/hard\libc_nano.a(libc_a-fwalk.o)
                              C:/ST/STM32CubeIDE_2.1.1/STM32CubeIDE/plugins/com.st.stm32cube.ide.mcu.externaltools.gnu-tools-for-stm32.14.3.rel1.win32_1.0.100.202602081740/tools/bin/../lib/gcc/arm-none-eabi/14.3.1/../../../../arm-none-eabi/lib/thumb/v7e-m+fp/hard\libc_nano.a(libc_a-findfp.o) (_fwalk_sglue)
C:/ST/STM32CubeIDE_2.1.1/STM32CubeIDE/plugins/com.st.stm32cube.ide.mcu.externaltools.gnu-tools-for-stm32.14.3.rel1.win32_1.0.100.202602081740/tools/bin/../lib/gcc/arm-none-eabi/14.3.1/../../../../arm-none-eabi/lib/thumb/v7e-m+fp/hard\libc_nano.a(libc_a-snprintf.o)
                              ./Core/Application/Src/logger.o (snprintf)
C:/ST/STM32CubeIDE_2.1.1/STM32CubeIDE/plugins/com.st.stm32cube.ide.mcu.externaltools.gnu-tools-for-stm32.14.3.rel1.win32_1.0.100.202602081740/tools/bin/../lib/gcc/arm-none-eabi/14.3.1/../../../../arm-none-eabi/lib/thumb/v7e-m+fp/hard\libc_nano.a(libc_a-stdio.o)
                              C:/ST/STM32CubeIDE_2.1.1/STM32CubeIDE/plugins/com.st.stm32cube.ide.mcu.externaltools.gnu-tools-for-stm32.14.3.rel1.win32_1.0.100.202602081740/tools/bin/../lib/gcc/arm-none-eabi/14.3.1/../../../../arm-none-eabi/lib/thumb/v7e-m+fp/hard\libc_nano.a(libc_a-findfp.o) (__sread)
C:/ST/STM32CubeIDE_2.1.1/STM32CubeIDE/plugins/com.st.stm32cube.ide.mcu.externaltools.gnu-tools-for-stm32.14.3.rel1.win32_1.0.100.202602081740/tools/bin/../lib/gcc/arm-none-eabi/14.3.1/../../../../arm-none-eabi/lib/thumb/v7e-m+fp/hard\libc_nano.a(libc_a-memset.o)
                              C:/ST/STM32CubeIDE_2.1.1/STM32CubeIDE/plugins/com.st.stm32cube.ide.mcu.externaltools.gnu-tools-for-stm32.14.3.rel1.win32_1.0.100.202602081740/tools/bin/../lib/gcc/arm-none-eabi/14.3.1/../../../../arm-none-eabi/lib/thumb/v7e-m+fp/hard/crt0.o (memset)
C:/ST/STM32CubeIDE_2.1.1/STM32CubeIDE/plugins/com.st.stm32cube.ide.mcu.externaltools.gnu-tools-for-stm32.14.3.rel1.win32_1.0.100.202602081740/tools/bin/../lib/gcc/arm-none-eabi/14.3.1/../../../../arm-none-eabi/lib/thumb/v7e-m+fp/hard\libc_nano.a(libc_a-localeconv.o)
                              C:/ST/STM32CubeIDE_2.1.1/STM32CubeIDE/plugins/com.st.stm32cube.ide.mcu.externaltools.gnu-tools-for-stm32.14.3.rel1.win32_1.0.100.202602081740/tools/bin/../lib/gcc/arm-none-eabi/14.3.1/../../../../arm-none-eabi/lib/thumb/v7e-m+fp/hard\libc_nano.a(libc_a-nano-vfprintf_float.o) (_localeconv_r)
C:/ST/STM32CubeIDE_2.1.1/STM32CubeIDE/plugins/com.st.stm32cube.ide.mcu.externaltools.gnu-tools-for-stm32.14.3.rel1.win32_1.0.100.202602081740/tools/bin/../lib/gcc/arm-none-eabi/14.3.1/../../../../arm-none-eabi/lib/thumb/v7e-m+fp/hard\libc_nano.a(libc_a-closer.o)
[...]
Memory Configuration

Name             Origin             Length             Attributes
RAM              0x20000000         0x00020000         xrw
FLASH            0x08000000         0x00080000         xr
*default*        0x00000000         0xffffffff

Linker script and memory map

LOAD C:/ST/STM32CubeIDE_2.1.1/STM32CubeIDE/plugins/com.st.stm32cube.ide.mcu.externaltools.gnu-tools-for-stm32.14.3.rel1.win32_1.0.100.202602081740/tools/bin/../lib/gcc/arm-none-eabi/14.3.1/thumb/v7e-m+fp/hard/crti.o
LOAD C:/ST/STM32CubeIDE_2.1.1/STM32CubeIDE/plugins/com.st.stm32cube.ide.mcu.externaltools.gnu-tools-for-stm32.14.3.rel1.win32_1.0.100.202602081740/tools/bin/../lib/gcc/arm-none-eabi/14.3.1/thumb/v7e-m+fp/hard/crtbegin.o
LOAD C:/ST/STM32CubeIDE_2.1.1/STM32CubeIDE/plugins/com.st.stm32cube.ide.mcu.externaltools.gnu-tools-for-stm32.14.3.rel1.win32_1.0.100.202602081740/tools/bin/../lib/gcc/arm-none-eabi/14.3.1/../../../../arm-none-eabi/lib/thumb/v7e-m+fp/hard/crt0.o
LOAD ./Core/Application/Src/acquisition.o
LOAD ./Core/Application/Src/display.o
LOAD ./Core/Application/Src/health.o
LOAD ./Core/Application/Src/innovation.o
LOAD ./Core/Application/Src/logger.o
LOAD ./Core/Application/Src/shared_data.o
LOAD ./Core/Src/adc.o
LOAD ./Core/Src/dma.o
LOAD ./Core/Src/freertos.o
LOAD ./Core/Src/gpio.o
LOAD ./Core/Src/i2c.o
LOAD ./Core/Src/main.o
LOAD ./Core/Src/rtc.o
LOAD ./Core/Src/sdio.o
LOAD ./Core/Src/stm32f4xx_hal_msp.o
LOAD ./Core/Src/stm32f4xx_hal_timebase_tim.o
LOAD ./Core/Src/stm32f4xx_it.o
LOAD ./Core/Src/syscalls.o
LOAD ./Core/Src/sysmem.o
LOAD ./Core/Src/system_stm32f4xx.o
LOAD ./Core/Src/tim.o
LOAD ./Core/Src/usart.o
LOAD ./Core/Startup/startup_stm32f411ceux.o
LOAD ./Drivers/STM32F4xx_HAL_Driver/Src/stm32f4xx_hal.o
LOAD ./Drivers/STM32F4xx_HAL_Driver/Src/stm32f4xx_hal_adc.o
LOAD ./Drivers/STM32F4xx_HAL_Driver/Src/stm32f4xx_hal_adc_ex.o
LOAD ./Drivers/STM32F4xx_HAL_Driver/Src/stm32f4xx_hal_cortex.o
LOAD ./Drivers/STM32F4xx_HAL_Driver/Src/stm32f4xx_hal_dma.o
LOAD ./Drivers/STM32F4xx_HAL_Driver/Src/stm32f4xx_hal_dma_ex.o
LOAD ./Drivers/STM32F4xx_HAL_Driver/Src/stm32f4xx_hal_exti.o
LOAD ./Drivers/STM32F4xx_HAL_Driver/Src/stm32f4xx_hal_flash.o
LOAD ./Drivers/STM32F4xx_HAL_Driver/Src/stm32f4xx_hal_flash_ex.o
LOAD ./Drivers/STM32F4xx_HAL_Driver/Src/stm32f4xx_hal_flash_ramfunc.o
LOAD ./Drivers/STM32F4xx_HAL_Driver/Src/stm32f4xx_hal_gpio.o
LOAD ./Drivers/STM32F4xx_HAL_Driver/Src/stm32f4xx_hal_i2c.o
LOAD ./Drivers/STM32F4xx_HAL_Driver/Src/stm32f4xx_hal_i2c_ex.o
LOAD ./Drivers/STM32F4xx_HAL_Driver/Src/stm32f4xx_hal_mmc.o
LOAD ./Drivers/STM32F4xx_HAL_Driver/Src/stm32f4xx_hal_pwr.o
LOAD ./Drivers/STM32F4xx_HAL_Driver/Src/stm32f4xx_hal_pwr_ex.o
LOAD ./Drivers/STM32F4xx_HAL_Driver/Src/stm32f4xx_hal_rcc.o
LOAD ./Drivers/STM32F4xx_HAL_Driver/Src/stm32f4xx_hal_rcc_ex.o
LOAD ./Drivers/STM32F4xx_HAL_Driver/Src/stm32f4xx_hal_rtc.o
LOAD ./Drivers/STM32F4xx_HAL_Driver/Src/stm32f4xx_hal_rtc_ex.o
LOAD ./Drivers/STM32F4xx_HAL_Driver/Src/stm32f4xx_hal_sd.o
LOAD ./Drivers/STM32F4xx_HAL_Driver/Src/stm32f4xx_hal_tim.o
LOAD ./Drivers/STM32F4xx_HAL_Driver/Src/stm32f4xx_hal_tim_ex.o
LOAD ./Drivers/STM32F4xx_HAL_Driver/Src/stm32f4xx_hal_uart.o
LOAD ./Drivers/STM32F4xx_HAL_Driver/Src/stm32f4xx_ll_sdmmc.o
LOAD ./FATFS/App/fatfs.o
LOAD ./FATFS/Target/bsp_driver_sd.o
LOAD ./FATFS/Target/sd_diskio.o
LOAD ./Middlewares/Third_Party/FatFs/src/diskio.o
LOAD ./Middlewares/Third_Party/FatFs/src/ff.o
LOAD ./Middlewares/Third_Party/FatFs/src/ff_gen_drv.o
LOAD ./Middlewares/Third_Party/FatFs/src/option/ccsbcs.o
LOAD ./Middlewares/Third_Party/FatFs/src/option/syscall.o
LOAD ./Middlewares/Third_Party/FreeRTOS/Source/CMSIS_RTOS_V2/cmsis_os2.o
LOAD ./Middlewares/Third_Party/FreeRTOS/Source/croutine.o
LOAD ./Middlewares/Third_Party/FreeRTOS/Source/event_groups.o
LOAD ./Middlewares/Third_Party/FreeRTOS/Source/list.o
LOAD ./Middlewares/Third_Party/FreeRTOS/Source/queue.o
LOAD ./Middlewares/Third_Party/FreeRTOS/Source/stream_buffer.o
LOAD ./Middlewares/Third_Party/FreeRTOS/Source/tasks.o
LOAD ./Middlewares/Third_Party/FreeRTOS/Source/timers.o
LOAD ./Middlewares/Third_Party/FreeRTOS/Source/portable/GCC/ARM_CM4F/port.o
LOAD ./Middlewares/Third_Party/FreeRTOS/Source/portable/MemMang/heap_4.o
START GROUP
LOAD C:/ST/STM32CubeIDE_2.1.1/STM32CubeIDE/plugins/com.st.stm32cube.ide.mcu.externaltools.gnu-tools-for-stm32.14.3.rel1.win32_1.0.100.202602081740/tools/bin/../lib/gcc/arm-none-eabi/14.3.1/../../../../arm-none-eabi/lib/thumb/v7e-m+fp/hard\libc_nano.a
LOAD C:/ST/STM32CubeIDE_2.1.1/STM32CubeIDE/plugins/com.st.stm32cube.ide.mcu.externaltools.gnu-tools-for-stm32.14.3.rel1.win32_1.0.100.202602081740/tools/bin/../lib/gcc/arm-none-eabi/14.3.1/../../../../arm-none-eabi/lib/thumb/v7e-m+fp/hard\libm.a
END GROUP
START GROUP
LOAD C:/ST/STM32CubeIDE_2.1.1/STM32CubeIDE/plugins/com.st.stm32cube.ide.mcu.externaltools.gnu-tools-for-stm32.14.3.rel1.win32_1.0.100.202602081740/tools/bin/../lib/gcc/arm-none-eabi/14.3.1/thumb/v7e-m+fp/hard\libgcc.a
LOAD C:/ST/STM32CubeIDE_2.1.1/STM32CubeIDE/plugins/com.st.stm32cube.ide.mcu.externaltools.gnu-tools-for-stm32.14.3.rel1.win32_1.0.100.202602081740/tools/bin/../lib/gcc/arm-none-eabi/14.3.1/../../../../arm-none-eabi/lib/thumb/v7e-m+fp/hard\libc_nano.a
END GROUP
START GROUP
LOAD C:/ST/STM32CubeIDE_2.1.1/STM32CubeIDE/plugins/com.st.stm32cube.ide.mcu.externaltools.gnu-tools-for-stm32.14.3.rel1.win32_1.0.100.202602081740/tools/bin/../lib/gcc/arm-none-eabi/14.3.1/thumb/v7e-m+fp/hard\libgcc.a
LOAD C:/ST/STM32CubeIDE_2.1.1/STM32CubeIDE/plugins/com.st.stm32cube.ide.mcu.externaltools.gnu-tools-for-stm32.14.3.rel1.win32_1.0.100.202602081740/tools/bin/../lib/gcc/arm-none-eabi/14.3.1/../../../../arm-none-eabi/lib/thumb/v7e-m+fp/hard\libc_nano.a
LOAD C:/ST/STM32CubeIDE_2.1.1/STM32CubeIDE/plugins/com.st.stm32cube.ide.mcu.externaltools.gnu-tools-for-stm32.14.3.rel1.win32_1.0.100.202602081740/tools/bin/../lib/gcc/arm-none-eabi/14.3.1/../../../../arm-none-eabi/lib/thumb/v7e-m+fp/hard\libnosys.a
END GROUP
START GROUP
LOAD C:/ST/STM32CubeIDE_2.1.1/STM32CubeIDE/plugins/com.st.stm32cube.ide.mcu.externaltools.gnu-tools-for-stm32.14.3.rel1.win32_1.0.100.202602081740/tools/bin/../lib/gcc/arm-none-eabi/14.3.1/thumb/v7e-m+fp/hard\libgcc.a
LOAD C:/ST/STM32CubeIDE_2.1.1/STM32CubeIDE/plugins/com.st.stm32cube.ide.mcu.externaltools.gnu-tools-for-stm32.14.3.rel1.win32_1.0.100.202602081740/tools/bin/../lib/gcc/arm-none-eabi/14.3.1/../../../../arm-none-eabi/lib/thumb/v7e-m+fp/hard\libc_nano.a
LOAD C:/ST/STM32CubeIDE_2.1.1/STM32CubeIDE/plugins/com.st.stm32cube.ide.mcu.externaltools.gnu-tools-for-stm32.14.3.rel1.win32_1.0.100.202602081740/tools/bin/../lib/gcc/arm-none-eabi/14.3.1/../../../../arm-none-eabi/lib/thumb/v7e-m+fp/hard\libnosys.a
END GROUP
LOAD C:/ST/STM32CubeIDE_2.1.1/STM32CubeIDE/plugins/com.st.stm32cube.ide.mcu.externaltools.gnu-tools-for-stm32.14.3.rel1.win32_1.0.100.202602081740/tools/bin/../lib/gcc/arm-none-eabi/14.3.1/thumb/v7e-m+fp/hard/crtend.o
LOAD C:/ST/STM32CubeIDE_2.1.1/STM32CubeIDE/plugins/com.st.stm32cube.ide.mcu.externaltools.gnu-tools-for-stm32.14.3.rel1.win32_1.0.100.202602081740/tools/bin/../lib/gcc/arm-none-eabi/14.3.1/thumb/v7e-m+fp/hard/crtn.o
                0x20020000                        _estack = (ORIGIN (RAM) + LENGTH (RAM))
                0x00001000                        _Min_Heap_Size = 0x1000
                0x00001000                        _Min_Stack_Size = 0x1000

.isr_vector     0x08000000      0x198
                0x08000000                        . = ALIGN (0x4)
 *(.isr_vector)
 .isr_vector    0x08000000      0x198 ./Core/Startup/startup_stm32f411ceux.o
                0x08000000                g_pfnVectors
                0x08000198                        . = ALIGN (0x4)

.text           0x080001a0    0x12a18
                0x080001a0                        . = ALIGN (0x4)
 *(.text)
 .text          0x080001a0       0x40 C:/ST/STM32CubeIDE_2.1.1/STM32CubeIDE/plugins/com.st.stm32cube.ide.mcu.externaltools.gnu-tools-for-stm32.14.3.rel1.win32_1.0.100.202602081740/tools/bin/../lib/gcc/arm-none-eabi/14.3.1/thumb/v7e-m+fp/hard/crtbegin.o
 .text          0x080001e0       0xa0 C:/ST/STM32CubeIDE_2.1.1/STM32CubeIDE/plugins/com.st.stm32cube.ide.mcu.externaltools.gnu-tools-for-stm32.14.3.rel1.win32_1.0.100.202602081740/tools/bin/../lib/gcc/arm-none-eabi/14.3.1/../../../../arm-none-eabi/lib/thumb/v7e-m+fp/hard\libc_nano.a(libc_a-memchr.o)
                0x080001e0                memchr
 .text          0x08000280       0x10 C:/ST/STM32CubeIDE_2.1.1/STM32CubeIDE/plugins/com.st.stm32cube.ide.mcu.externaltools.gnu-tools-for-stm32.14.3.rel1.win32_1.0.100.202602081740/tools/bin/../lib/gcc/arm-none-eabi/14.3.1/../../../../arm-none-eabi/lib/thumb/v7e-m+fp/hard\libc_nano.a(libc_a-strlen.o)
                0x08000280                strlen
 .text          0x08000290      0x378 C:/ST/STM32CubeIDE_2.1.1/STM32CubeIDE/plugins/com.st.stm32cube.ide.mcu.externaltools.gnu-tools-for-stm32.14.3.rel1.win32_1.0.100.202602081740/tools/bin/../lib/gcc/arm-none-eabi/14.3.1/thumb/v7e-m+fp/hard\libgcc.a(_arm_addsubdf3.o)
                0x08000290                __aeabi_drsub
                0x08000298                __aeabi_dsub
                0x08000298                __subdf3
                0x0800029c                __aeabi_dadd
                0x0800029c                __adddf3
                0x08000514                __floatunsidf
                0x08000514                __aeabi_ui2d
                0x08000534                __floatsidf
                0x08000534                __aeabi_i2d
                0x08000558                __aeabi_f2d
                0x08000558                __extendsfdf2
                0x0800059c                __floatundidf
                0x0800059c                __aeabi_ul2d
                0x080005ac                __floatdidf
                0x080005ac                __aeabi_l2d
 .text          0x08000608      0x424 C:/ST/STM32CubeIDE_2.1.1/STM32CubeIDE/plugins/com.st.stm32cube.ide.mcu.externaltools.gnu-tools-for-stm32.14.3.rel1.win32_1.0.100.202602081740/tools/bin/../lib/gcc/arm-none-eabi/14.3.1/thumb/v7e-m+fp/hard\libgcc.a(_arm_muldivdf3.o)
                0x08000608                __aeabi_dmul
                0x08000608                __muldf3
                0x0800085c                __divdf3
                0x0800085c                __aeabi_ddiv
 .text          0x08000a2c      0x110 C:/ST/STM32CubeIDE_2.1.1/STM32CubeIDE/plugins/com.st.stm32cube.ide.mcu.externaltools.gnu-tools-for-stm32.14.3.rel1.win32_1.0.100.202602081740/tools/bin/../lib/gcc/arm-none-eabi/14.3.1/thumb/v7e-m+fp/hard\libgcc.a(_arm_cmpdf2.o)
                0x08000a2c                __gtdf2
                0x08000a2c                __gedf2
                0x08000a34                __ltdf2
                0x08000a34                __ledf2
                0x08000a3c                __nedf2
                0x08000a3c                __eqdf2
                0x08000a3c                __cmpdf2
                0x08000ab8                __aeabi_cdrcmple
                0x08000ac8                __aeabi_cdcmpeq
                0x08000ac8                __aeabi_cdcmple
                0x08000ad8                __aeabi_dcmpeq
                0x08000aec                __aeabi_dcmplt
                0x08000b00                __aeabi_dcmple
                0x08000b14                __aeabi_dcmpge
                0x08000b28                __aeabi_dcmpgt
 .text          0x08000b3c       0x2c C:/ST/STM32CubeIDE_2.1.1/STM32CubeIDE/plugins/com.st.stm32cube.ide.mcu.externaltools.gnu-tools-for-stm32.14.3.rel1.win32_1.0.100.202602081740/tools/bin/../lib/gcc/arm-none-eabi/14.3.1/thumb/v7e-m+fp/hard\libgcc.a(_arm_unorddf2.o)
                0x08000b3c                __unorddf2
                0x08000b3c                __aeabi_dcmpun
 .text          0x08000b68       0x50 C:/ST/STM32CubeIDE_2.1.1/STM32CubeIDE/plugins/com.st.stm32cube.ide.mcu.externaltools.gnu-tools-for-stm32.14.3.rel1.win32_1.0.100.202602081740/tools/bin/../lib/gcc/arm-none-eabi/14.3.1/thumb/v7e-m+fp/hard\libgcc.a(_arm_fixdfsi.o)
                0x08000b68                __aeabi_d2iz
                0x08000b68                __fixdfsi
 .text          0x08000bb8       0x30 C:/ST/STM32CubeIDE_2.1.1/STM32CubeIDE/plugins/com.st.stm32cube.ide.mcu.externaltools.gnu-tools-for-stm32.14.3.rel1.win32_1.0.100.202602081740/tools/bin/../lib/gcc/arm-none-eabi/14.3.1/thumb/v7e-m+fp/hard\libgcc.a(_aeabi_uldivmod.o)
                0x08000bb8                __aeabi_uldivmod
 .text          0x08000be8      0x2f8 C:/ST/STM32CubeIDE_2.1.1/STM32CubeIDE/plugins/com.st.stm32cube.ide.mcu.externaltools.gnu-tools-for-stm32.14.3.rel1.win32_1.0.100.202602081740/tools/bin/../lib/gcc/arm-none-eabi/14.3.1/thumb/v7e-m+fp/hard\libgcc.a(_udivmoddi4.o)
                0x08000be8                __udivmoddi4
 .text          0x08000ee0        0x4 C:/ST/STM32CubeIDE_2.1.1/STM32CubeIDE/plugins/com.st.stm32cube.ide.mcu.externaltools.gnu-tools-for-stm32.14.3.rel1.win32_1.0.100.202602081740/tools/bin/../lib/gcc/arm-none-eabi/14.3.1/thumb/v7e-m+fp/hard\libgcc.a(_dvmd_tls.o)
                0x08000ee0                __aeabi_idiv0
                0x08000ee0                __aeabi_ldiv0
 *(.text*)
 .text.ADC_To_Voltage
                0x08000ee4       0x40 ./Core/Application/Src/acquisition.o
 .text.ADC_To_BrakePressureBar
                0x08000f24       0x7c ./Core/Application/Src/acquisition.o
 .text.ADC_To_ThrottlePercent
                0x08000fa0       0x74 ./Core/Application/Src/acquisition.o
 .text.ADC_To_BatteryVoltage
                0x08001014       0x20 ./Core/Application/Src/acquisition.o
 .text.Acquisition_Init
                0x08001034       0x34 ./Core/Application/Src/acquisition.o
                0x08001034                Acquisition_Init
 .text.Acquisition_Task
                0x08001068       0x8c ./Core/Application/Src/acquisition.o
                0x08001068                Acquisition_Task
 .text.Display_Init
                0x080010f4        0xe ./Core/Application/Src/display.o
                0x080010f4                Display_Init
 .text.Display_Task
                0x08001102        0xe ./Core/Application/Src/display.o
                0x08001102                Display_Task
 .text.Health_Init
                0x08001110       0x3c ./Core/Application/Src/health.o
                0x08001110                Health_Init
 .text.Health_SetDeviceStatus
                0x0800114c       0x60 ./Core/Application/Src/health.o
                0x0800114c                Health_SetDeviceStatus
 .text.Health_Task
                0x080011ac        0xe ./Core/Application/Src/health.o
                0x080011ac                Health_Task
 .text.Innovation_Init
                0x080011ba        0xe ./Core/Application/Src/innovation.o
                0x080011ba                Innovation_Init
 .text.Innovation_Task
                0x080011c8        0xe ./Core/Application/Src/innovation.o
                0x080011c8                Innovation_Task
 *fill*         0x080011d6        0x2 
 .text.Logger_Init
                0x080011d8       0x5c ./Core/Application/Src/logger.o
                0x080011d8                Logger_Init
 .text.Logger_Task
                0x08001234        0xc ./Core/Application/Src/logger.o
                0x08001234                Logger_Task
 .text.Logger_GetRTC
                0x08001240       0x40 ./Core/Application/Src/logger.o
 .text.Logger_FileExists
                0x08001280       0x3a ./Core/Application/Src/logger.o
 *fill*         0x080012ba        0x2 
 .text.Logger_CreateFilename
                0x080012bc       0xc4 ./Core/Application/Src/logger.o
 .text.Logger_Mount
                0x08001380       0x4c ./Core/Application/Src/logger.o
 .text.Logger_OpenFile
                0x080013cc       0x94 ./Core/Application/Src/logger.o
 .text.Logger_Close
                0x08001460       0x6c ./Core/Application/Src/logger.o
 .text.Logger_WriteHeader
                0x080014cc       0x58 ./Core/Application/Src/logger.o
 .text.Logger_WriteRecord
                0x08001524      0x1d8 ./Core/Application/Src/logger.o
 .text.Logger_Flush
                0x080016fc       0xe0 ./Core/Application/Src/logger.o
 .text.Logger_UpdateStatusLED
                0x080017dc       0x74 ./Core/Application/Src/logger.o
 .text.Logger_Service
                0x08001850       0xd4 ./Core/Application/Src/logger.o
 .text.Logger_UpdateSafeRemoveLED
                0x08001924       0xfc ./Core/Application/Src/logger.o
 .text.SharedData_Init
                0x08001a20       0x18 ./Core/Application/Src/shared_data.o
                0x08001a20                SharedData_Init
 .text.MX_ADC1_Init
                0x08001a38       0xf8 ./Core/Src/adc.o
                0x08001a38                MX_ADC1_Init
 .text.HAL_ADC_MspInit
                0x08001b30      0x128 ./Core/Src/adc.o
                0x08001b30                HAL_ADC_MspInit
 .text.MX_DMA_Init
                0x08001c58       0xbc ./Core/Src/dma.o
                0x08001c58                MX_DMA_Init
 .text.vApplicationStackOverflowHook
                0x08001d14       0x16 ./Core/Src/freertos.o
                0x08001d14                vApplicationStackOverflowHook
 .text.vApplicationMallocFailedHook
                0x08001d2a        0xe ./Core/Src/freertos.o
                0x08001d2a                vApplicationMallocFailedHook
 .text.MX_FREERTOS_Init
                0x08001d38       0x94 ./Core/Src/freertos.o
                0x08001d38                MX_FREERTOS_Init
 .text.StartDefaultTask
                0x08001dcc       0x18 ./Core/Src/freertos.o
                0x08001dcc                StartDefaultTask
 .text.StartAcquisitionTask
                0x08001de4       0x16 ./Core/Src/freertos.o
                0x08001de4                StartAcquisitionTask
 .text.StartLoggerTask
                0x08001dfa       0x16 ./Core/Src/freertos.o
                0x08001dfa                StartLoggerTask
 .text.StartDisplayTask
                0x08001e10       0x16 ./Core/Src/freertos.o
                0x08001e10                StartDisplayTask
 .text.StartInnovationTask
                0x08001e26       0x16 ./Core/Src/freertos.o
                0x08001e26                StartInnovationTask
 .text.MX_GPIO_Init
                0x08001e3c      0x164 ./Core/Src/gpio.o
                0x08001e3c                MX_GPIO_Init
 .text.MX_I2C1_Init
                0x08001fa0       0x5c ./Core/Src/i2c.o
                0x08001fa0                MX_I2C1_Init
 .text.HAL_I2C_MspInit
                0x08001ffc      0x17c ./Core/Src/i2c.o
                0x08001ffc                HAL_I2C_MspInit
 .text.main     0x08002178       0x58 ./Core/Src/main.o
                0x08002178                main
 .text.SystemClock_Config
                0x080021d0       0xd4 ./Core/Src/main.o
                0x080021d0                SystemClock_Config
 .text.HAL_TIM_PeriodElapsedCallback
                0x080022a4       0x24 ./Core/Src/main.o
                0x080022a4                HAL_TIM_PeriodElapsedCallback
 .text.Error_Handler
                0x080022c8        0xc ./Core/Src/main.o
                0x080022c8                Error_Handler
 .text.MX_RTC_Init
                0x080022d4       0xb4 ./Core/Src/rtc.o
                0x080022d4                MX_RTC_Init
 .text.HAL_RTC_MspInit
                0x08002388       0x58 ./Core/Src/rtc.o
                0x08002388                HAL_RTC_MspInit
 .text.MX_SDIO_SD_Init
                0x080023e0       0x40 ./Core/Src/sdio.o
                0x080023e0                MX_SDIO_SD_Init
 .text.HAL_SD_MspInit
                0x08002420      0x1e4 ./Core/Src/sdio.o
                0x08002420                HAL_SD_MspInit
 .text.HAL_MspInit
                0x08002604       0x58 ./Core/Src/stm32f4xx_hal_msp.o
                0x08002604                HAL_MspInit
 .text.HAL_InitTick
                0x0800265c       0xe4 ./Core/Src/stm32f4xx_hal_timebase_tim.o
                0x0800265c                HAL_InitTick
 .text.NMI_Handler
                0x08002740        0x8 ./Core/Src/stm32f4xx_it.o
                0x08002740                NMI_Handler
 .text.HardFault_Handler
                0x08002748        0x8 ./Core/Src/stm32f4xx_it.o
                0x08002748                HardFault_Handler
 .text.MemManage_Handler
                0x08002750        0x8 ./Core/Src/stm32f4xx_it.o
                0x08002750                MemManage_Handler
 .text.BusFault_Handler
                0x08002758        0x8 ./Core/Src/stm32f4xx_it.o
                0x08002758                BusFault_Handler
 .text.UsageFault_Handler
                0x08002760        0x8 ./Core/Src/stm32f4xx_it.o
                0x08002760                UsageFault_Handler
 .text.DebugMon_Handler
                0x08002768        0xe ./Core/Src/stm32f4xx_it.o
                0x08002768                DebugMon_Handler
 *fill*         0x08002776        0x2 
 .text.DMA1_Stream0_IRQHandler
                0x08002778       0x14 ./Core/Src/stm32f4xx_it.o
                0x08002778                DMA1_Stream0_IRQHandler
 .text.DMA1_Stream1_IRQHandler
                0x0800278c       0x14 ./Core/Src/stm32f4xx_it.o
                0x0800278c                DMA1_Stream1_IRQHandler
 .text.TIM1_UP_TIM10_IRQHandler
                0x080027a0       0x14 ./Core/Src/stm32f4xx_it.o
                0x080027a0                TIM1_UP_TIM10_IRQHandler
 .text.TIM2_IRQHandler
                0x080027b4       0x14 ./Core/Src/stm32f4xx_it.o
                0x080027b4                TIM2_IRQHandler
 .text.I2C1_EV_IRQHandler
                0x080027c8       0x14 ./Core/Src/stm32f4xx_it.o
                0x080027c8                I2C1_EV_IRQHandler
 .text.I2C1_ER_IRQHandler
                0x080027dc       0x14 ./Core/Src/stm32f4xx_it.o
                0x080027dc                I2C1_ER_IRQHandler
 .text.EXTI15_10_IRQHandler
                0x080027f0       0x10 ./Core/Src/stm32f4xx_it.o
                0x080027f0                EXTI15_10_IRQHandler
 .text.SDIO_IRQHandler
                0x08002800       0x14 ./Core/Src/stm32f4xx_it.o
                0x08002800                SDIO_IRQHandler
 .text.DMA2_Stream0_IRQHandler
                0x08002814       0x14 ./Core/Src/stm32f4xx_it.o
                0x08002814                DMA2_Stream0_IRQHandler
 .text.DMA2_Stream2_IRQHandler
                0x08002828       0x14 ./Core/Src/stm32f4xx_it.o
                0x08002828                DMA2_Stream2_IRQHandler
 .text.DMA2_Stream3_IRQHandler
                0x0800283c       0x14 ./Core/Src/stm32f4xx_it.o
                0x0800283c                DMA2_Stream3_IRQHandler
 .text.DMA2_Stream6_IRQHandler
                0x08002850       0x14 ./Core/Src/stm32f4xx_it.o
                0x08002850                DMA2_Stream6_IRQHandler
 .text.DMA2_Stream7_IRQHandler
                0x08002864       0x14 ./Core/Src/stm32f4xx_it.o
                0x08002864                DMA2_Stream7_IRQHandler
 .text._getpid  0x08002878       0x10 ./Core/Src/syscalls.o
                0x08002878                _getpid
 .text._kill    0x08002888       0x20 ./Core/Src/syscalls.o
                0x08002888                _kill
 .text._exit    0x080028a8       0x16 ./Core/Src/syscalls.o
                0x080028a8                _exit
 .text._read    0x080028be       0x3a ./Core/Src/syscalls.o
                0x080028be                _read
 .text._write   0x080028f8       0x38 ./Core/Src/syscalls.o
                0x080028f8                _write
 .text._close   0x08002930       0x18 ./Core/Src/syscalls.o
                0x08002930                _close
 .text._fstat   0x08002948       0x20 ./Core/Src/syscalls.o
                0x08002948                _fstat
 .text._isatty  0x08002968       0x16 ./Core/Src/syscalls.o
                0x08002968                _isatty
 .text._lseek   0x0800297e       0x1a ./Core/Src/syscalls.o
                0x0800297e                _lseek
 .text._sbrk    0x08002998       0x6c ./Core/Src/sysmem.o
                0x08002998                _sbrk
 .text.SystemInit
                0x08002a04       0x24 ./Core/Src/system_stm32f4xx.o
                0x08002a04                SystemInit
 .text.MX_TIM2_Init
                0x08002a28      0x10c ./Core/Src/tim.o
                0x08002a28                MX_TIM2_Init
 .text.HAL_TIM_Base_MspInit
                0x08002b34       0xdc ./Core/Src/tim.o
                0x08002b34                HAL_TIM_Base_MspInit
 .text.MX_USART1_UART_Init
                0x08002c10       0x54 ./Core/Src/usart.o
                0x08002c10                MX_USART1_UART_Init
 .text.HAL_UART_MspInit
                0x08002c64      0x15c ./Core/Src/usart.o
                0x08002c64                HAL_UART_MspInit
 .text.Reset_Handler
                0x08002dc0       0x50 ./Core/Startup/startup_stm32f411ceux.o
                0x08002dc0                Reset_Handler
 .text.Default_Handler
                0x08002e10        0x2 ./Core/Startup/startup_stm32f411ceux.o
                0x08002e10                RTC_Alarm_IRQHandler
                0x08002e10                EXTI2_IRQHandler
                0x08002e10                SPI4_IRQHandler
                0x08002e10                TIM1_CC_IRQHandler
                0x08002e10                DMA2_Stream5_IRQHandler
                0x08002e10                DMA1_Stream5_IRQHandler
                0x08002e10                PVD_IRQHandler
                0x08002e10                TAMP_STAMP_IRQHandler
                0x08002e10                EXTI3_IRQHandler
                0x08002e10                I2C3_ER_IRQHandler
                0x08002e10                EXTI0_IRQHandler
                0x08002e10                I2C2_EV_IRQHandler
                0x08002e10                DMA1_Stream2_IRQHandler
                0x08002e10                FPU_IRQHandler
                0x08002e10                SPI1_IRQHandler
                0x08002e10                TIM1_BRK_TIM9_IRQHandler
                0x08002e10                USART6_IRQHandler
                0x08002e10                TIM4_IRQHandler
                0x08002e10                DMA1_Stream6_IRQHandler
                0x08002e10                TIM3_IRQHandler
                0x08002e10                RCC_IRQHandler
                0x08002e10                Default_Handler
                0x08002e10                ADC_IRQHandler
                0x08002e10                DMA1_Stream7_IRQHandler
                0x08002e10                SPI5_IRQHandler
                0x08002e10                TIM5_IRQHandler
                0x08002e10                I2C3_EV_IRQHandler
                0x08002e10                EXTI9_5_IRQHandler
                0x08002e10                RTC_WKUP_IRQHandler
                0x08002e10                SPI2_IRQHandler
                0x08002e10                EXTI4_IRQHandler
                0x08002e10                WWDG_IRQHandler
                0x08002e10                OTG_FS_WKUP_IRQHandler
                0x08002e10                TIM1_TRG_COM_TIM11_IRQHandler
                0x08002e10                EXTI1_IRQHandler
                0x08002e10                USART2_IRQHandler
                0x08002e10                I2C2_ER_IRQHandler
                0x08002e10                DMA2_Stream1_IRQHandler
                0x08002e10                FLASH_IRQHandler
                0x08002e10                DMA2_Stream4_IRQHandler
                0x08002e10                USART1_IRQHandler
                0x08002e10                OTG_FS_IRQHandler
                0x08002e10                SPI3_IRQHandler
                0x08002e10                DMA1_Stream4_IRQHandler
                0x08002e10                DMA1_Stream3_IRQHandler
 *fill*         0x08002e12        0x2 
 .text.HAL_Init
                0x08002e14       0x44 ./Drivers/STM32F4xx_HAL_Driver/Src/stm32f4xx_hal.o
                0x08002e14                HAL_Init
 .text.HAL_IncTick
                0x08002e58       0x28 ./Drivers/STM32F4xx_HAL_Driver/Src/stm32f4xx_hal.o
                0x08002e58                HAL_IncTick
 .text.HAL_GetTick
                0x08002e80       0x18 ./Drivers/STM32F4xx_HAL_Driver/Src/stm32f4xx_hal.o
                0x08002e80                HAL_GetTick
 .text.HAL_Delay
                0x08002e98       0x48 ./Drivers/STM32F4xx_HAL_Driver/Src/stm32f4xx_hal.o
                0x08002e98                HAL_Delay
 .text.HAL_ADC_Init
                0x08002ee0       0x86 ./Drivers/STM32F4xx_HAL_Driver/Src/stm32f4xx_hal_adc.o
                0x08002ee0                HAL_ADC_Init
 *fill*         0x08002f66        0x2 
 .text.HAL_ADC_Start_DMA
                0x08002f68      0x1e8 ./Drivers/STM32F4xx_HAL_Driver/Src/stm32f4xx_hal_adc.o
                0x08002f68                HAL_ADC_Start_DMA
 .text.HAL_ADC_ConvCpltCallback
                0x08003150       0x14 ./Drivers/STM32F4xx_HAL_Driver/Src/stm32f4xx_hal_adc.o
                0x08003150                HAL_ADC_ConvCpltCallback
 .text.HAL_ADC_ConvHalfCpltCallback
                0x08003164       0x14 ./Drivers/STM32F4xx_HAL_Driver/Src/stm32f4xx_hal_adc.o
                0x08003164                HAL_ADC_ConvHalfCpltCallback
 .text.HAL_ADC_ErrorCallback
                0x08003178       0x14 ./Drivers/STM32F4xx_HAL_Driver/Src/stm32f4xx_hal_adc.o
                0x08003178                HAL_ADC_ErrorCallback
 .text.HAL_ADC_ConfigChannel
                0x0800318c      0x264 ./Drivers/STM32F4xx_HAL_Driver/Src/stm32f4xx_hal_adc.o
                0x0800318c                HAL_ADC_ConfigChannel
 .text.ADC_Init
                0x080033f0      0x1f8 ./Drivers/STM32F4xx_HAL_Driver/Src/stm32f4xx_hal_adc.o
 .text.ADC_DMAConvCplt
                0x080035e8       0xba ./Drivers/STM32F4xx_HAL_Driver/Src/stm32f4xx_hal_adc.o
 .text.ADC_DMAHalfConvCplt
                0x080036a2       0x1c ./Drivers/STM32F4xx_HAL_Driver/Src/stm32f4xx_hal_adc.o
 .text.ADC_DMAError
                0x080036be       0x2e ./Drivers/STM32F4xx_HAL_Driver/Src/stm32f4xx_hal_adc.o
 .text.__NVIC_SetPriorityGrouping
                0x080036ec       0x48 ./Drivers/STM32F4xx_HAL_Driver/Src/stm32f4xx_hal_cortex.o
 .text.__NVIC_GetPriorityGrouping
                0x08003734       0x1c ./Drivers/STM32F4xx_HAL_Driver/Src/stm32f4xx_hal_cortex.o
 .text.__NVIC_EnableIRQ
                0x08003750       0x3c ./Drivers/STM32F4xx_HAL_Driver/Src/stm32f4xx_hal_cortex.o
 .text.__NVIC_SetPriority
                0x0800378c       0x54 ./Drivers/STM32F4xx_HAL_Driver/Src/stm32f4xx_hal_cortex.o
 .text.NVIC_EncodePriority
                0x080037e0       0x66 ./Drivers/STM32F4xx_HAL_Driver/Src/stm32f4xx_hal_cortex.o
 .text.HAL_NVIC_SetPriorityGrouping
                0x08003846       0x16 ./Drivers/STM32F4xx_HAL_Driver/Src/stm32f4xx_hal_cortex.o
                0x08003846                HAL_NVIC_SetPriorityGrouping
 .text.HAL_NVIC_SetPriority
                0x0800385c       0x38 ./Drivers/STM32F4xx_HAL_Driver/Src/stm32f4xx_hal_cortex.o
                0x0800385c                HAL_NVIC_SetPriority
 .text.HAL_NVIC_EnableIRQ
                0x08003894       0x1c ./Drivers/STM32F4xx_HAL_Driver/Src/stm32f4xx_hal_cortex.o
                0x08003894                HAL_NVIC_EnableIRQ
 .text.HAL_DMA_Init
                0x080038b0      0x15c ./Drivers/STM32F4xx_HAL_Driver/Src/stm32f4xx_hal_dma.o
                0x080038b0                HAL_DMA_Init
 .text.HAL_DMA_Start_IT
                0x08003a0c       0xb0 ./Drivers/STM32F4xx_HAL_Driver/Src/stm32f4xx_hal_dma.o
                0x08003a0c                HAL_DMA_Start_IT
 .text.HAL_DMA_Abort_IT
                0x08003abc       0x44 ./Drivers/STM32F4xx_HAL_Driver/Src/stm32f4xx_hal_dma.o
                0x08003abc                HAL_DMA_Abort_IT
 .text.HAL_DMA_IRQHandler
                0x08003b00      0x314 ./Drivers/STM32F4xx_HAL_Driver/Src/stm32f4xx_hal_dma.o
                0x08003b00                HAL_DMA_IRQHandler
 .text.HAL_DMA_GetState
                0x08003e14       0x1c ./Drivers/STM32F4xx_HAL_Driver/Src/stm32f4xx_hal_dma.o
                0x08003e14                HAL_DMA_GetState
 .text.HAL_DMA_GetError
                0x08003e30       0x18 ./Drivers/STM32F4xx_HAL_Driver/Src/stm32f4xx_hal_dma.o
                0x08003e30                HAL_DMA_GetError
 .text.DMA_SetConfig
                0x08003e48       0x5c ./Drivers/STM32F4xx_HAL_Driver/Src/stm32f4xx_hal_dma.o
 .text.DMA_CalcBaseAndBitshift
                0x08003ea4       0x6c ./Drivers/STM32F4xx_HAL_Driver/Src/stm32f4xx_hal_dma.o
 .text.DMA_CheckFifoParam
                0x08003f10       0xf8 ./Drivers/STM32F4xx_HAL_Driver/Src/stm32f4xx_hal_dma.o
 .text.HAL_GPIO_Init
                0x08004008      0x308 ./Drivers/STM32F4xx_HAL_Driver/Src/stm32f4xx_hal_gpio.o
                0x08004008                HAL_GPIO_Init
 .text.HAL_GPIO_WritePin
                0x08004310       0x32 ./Drivers/STM32F4xx_HAL_Driver/Src/stm32f4xx_hal_gpio.o
                0x08004310                HAL_GPIO_WritePin
 *fill*         0x08004342        0x2 
 .text.HAL_GPIO_EXTI_IRQHandler
                0x08004344       0x30 ./Drivers/STM32F4xx_HAL_Driver/Src/stm32f4xx_hal_gpio.o
                0x08004344                HAL_GPIO_EXTI_IRQHandler
 .text.HAL_GPIO_EXTI_Callback
                0x08004374       0x16 ./Drivers/STM32F4xx_HAL_Driver/Src/stm32f4xx_hal_gpio.o
                0x08004374                HAL_GPIO_EXTI_Callback
 *fill*         0x0800438a        0x2 
 .text.HAL_I2C_Init
                0x0800438c      0x288 ./Drivers/STM32F4xx_HAL_Driver/Src/stm32f4xx_hal_i2c.o
                0x0800438c                HAL_I2C_Init
 .text.I2C_Flush_DR
                0x08004614       0x2a ./Drivers/STM32F4xx_HAL_Driver/Src/stm32f4xx_hal_i2c.o
 .text.HAL_I2C_EV_IRQHandler
                0x0800463e      0x2e2 ./Drivers/STM32F4xx_HAL_Driver/Src/stm32f4xx_hal_i2c.o
                0x0800463e                HAL_I2C_EV_IRQHandler
 .text.HAL_I2C_ER_IRQHandler
                0x08004920      0x14e ./Drivers/STM32F4xx_HAL_Driver/Src/stm32f4xx_hal_i2c.o
                0x08004920                HAL_I2C_ER_IRQHandler
 .text.HAL_I2C_MasterTxCpltCallback
                0x08004a6e       0x14 ./Drivers/STM32F4xx_HAL_Driver/Src/stm32f4xx_hal_i2c.o
                0x08004a6e                HAL_I2C_MasterTxCpltCallback
 .text.HAL_I2C_MasterRxCpltCallback
                0x08004a82       0x14 ./Drivers/STM32F4xx_HAL_Driver/Src/stm32f4xx_hal_i2c.o
                0x08004a82                HAL_I2C_MasterRxCpltCallback
 .text.HAL_I2C_SlaveTxCpltCallback
                0x08004a96       0x14 ./Drivers/STM32F4xx_HAL_Driver/Src/stm32f4xx_hal_i2c.o
                0x08004a96                HAL_I2C_SlaveTxCpltCallback
 .text.HAL_I2C_SlaveRxCpltCallback
                0x08004aaa       0x14 ./Drivers/STM32F4xx_HAL_Driver/Src/stm32f4xx_hal_i2c.o
                0x08004aaa                HAL_I2C_SlaveRxCpltCallback
 .text.HAL_I2C_AddrCallback
                0x08004abe       0x1c ./Drivers/STM32F4xx_HAL_Driver/Src/stm32f4xx_hal_i2c.o
                0x08004abe                HAL_I2C_AddrCallback
 .text.HAL_I2C_ListenCpltCallback
                0x08004ada       0x14 ./Drivers/STM32F4xx_HAL_Driver/Src/stm32f4xx_hal_i2c.o
                0x08004ada                HAL_I2C_ListenCpltCallback
 .text.HAL_I2C_MemTxCpltCallback
                0x08004aee       0x14 ./Drivers/STM32F4xx_HAL_Driver/Src/stm32f4xx_hal_i2c.o
                0x08004aee                HAL_I2C_MemTxCpltCallback
 .text.HAL_I2C_MemRxCpltCallback
                0x08004b02       0x14 ./Drivers/STM32F4xx_HAL_Driver/Src/stm32f4xx_hal_i2c.o
                0x08004b02                HAL_I2C_MemRxCpltCallback
 .text.HAL_I2C_ErrorCallback
                0x08004b16       0x14 ./Drivers/STM32F4xx_HAL_Driver/Src/stm32f4xx_hal_i2c.o
                0x08004b16                HAL_I2C_ErrorCallback
 .text.HAL_I2C_AbortCpltCallback
                0x08004b2a       0x14 ./Drivers/STM32F4xx_HAL_Driver/Src/stm32f4xx_hal_i2c.o
                0x08004b2a                HAL_I2C_AbortCpltCallback
 .text.I2C_MasterTransmit_TXE
                0x08004b3e      0x138 ./Drivers/STM32F4xx_HAL_Driver/Src/stm32f4xx_hal_i2c.o
 .text.I2C_MasterTransmit_BTF
                0x08004c76       0xec ./Drivers/STM32F4xx_HAL_Driver/Src/stm32f4xx_hal_i2c.o
 .text.I2C_MemoryTransmit_TXE_BTF
                0x08004d62      0x130 ./Drivers/STM32F4xx_HAL_Driver/Src/stm32f4xx_hal_i2c.o
 .text.I2C_MasterReceive_RXNE
                0x08004e92      0x190 ./Drivers/STM32F4xx_HAL_Driver/Src/stm32f4xx_hal_i2c.o
 .text.I2C_MasterReceive_BTF
                0x08005022      0x1e2 ./Drivers/STM32F4xx_HAL_Driver/Src/stm32f4xx_hal_i2c.o
 .text.I2C_Master_SB
                0x08005204      0x10c ./Drivers/STM32F4xx_HAL_Driver/Src/stm32f4xx_hal_i2c.o
 .text.I2C_Master_ADD10
                0x08005310       0x54 ./Drivers/STM32F4xx_HAL_Driver/Src/stm32f4xx_hal_i2c.o
 .text.I2C_Master_ADDR
                0x08005364      0x322 ./Drivers/STM32F4xx_HAL_Driver/Src/stm32f4xx_hal_i2c.o
 .text.I2C_SlaveTransmit_TXE
                0x08005686       0x7a ./Drivers/STM32F4xx_HAL_Driver/Src/stm32f4xx_hal_i2c.o
 .text.I2C_SlaveTransmit_BTF
                0x08005700       0x42 ./Drivers/STM32F4xx_HAL_Driver/Src/stm32f4xx_hal_i2c.o
 .text.I2C_SlaveReceive_RXNE
                0x08005742       0x7c ./Drivers/STM32F4xx_HAL_Driver/Src/stm32f4xx_hal_i2c.o
 .text.I2C_SlaveReceive_BTF
                0x080057be       0x44 ./Drivers/STM32F4xx_HAL_Driver/Src/stm32f4xx_hal_i2c.o
 .text.I2C_Slave_ADDR
                0x08005802       0x94 ./Drivers/STM32F4xx_HAL_Driver/Src/stm32f4xx_hal_i2c.o
 *fill*         0x08005896        0x2 
 .text.I2C_Slave_STOPF
                0x08005898      0x260 ./Drivers/STM32F4xx_HAL_Driver/Src/stm32f4xx_hal_i2c.o
 .text.I2C_Slave_AF
                0x08005af8       0xe8 ./Drivers/STM32F4xx_HAL_Driver/Src/stm32f4xx_hal_i2c.o
 .text.I2C_ITError
                0x08005be0      0x264 ./Drivers/STM32F4xx_HAL_Driver/Src/stm32f4xx_hal_i2c.o
 .text.I2C_DMAAbort
                0x08005e44      0x150 ./Drivers/STM32F4xx_HAL_Driver/Src/stm32f4xx_hal_i2c.o
 .text.I2C_WaitOnSTOPRequestThroughIT
                0x08005f94       0x64 ./Drivers/STM32F4xx_HAL_Driver/Src/stm32f4xx_hal_i2c.o
 .text.I2C_ConvertOtherXferOptions
                0x08005ff8       0x36 ./Drivers/STM32F4xx_HAL_Driver/Src/stm32f4xx_hal_i2c.o
 *fill*         0x0800602e        0x2 
 .text.HAL_RCC_OscConfig
                0x08006030      0x4f0 ./Drivers/STM32F4xx_HAL_Driver/Src/stm32f4xx_hal_rcc.o
                0x08006030                HAL_RCC_OscConfig
 .text.HAL_RCC_ClockConfig
                0x08006520      0x1cc ./Drivers/STM32F4xx_HAL_Driver/Src/stm32f4xx_hal_rcc.o
                0x08006520                HAL_RCC_ClockConfig
 .text.HAL_RCC_GetSysClockFreq
                0x080066ec      0x188 ./Drivers/STM32F4xx_HAL_Driver/Src/stm32f4xx_hal_rcc.o
                0x080066ec                HAL_RCC_GetSysClockFreq
 .text.HAL_RCC_GetHCLKFreq
                0x08006874       0x18 ./Drivers/STM32F4xx_HAL_Driver/Src/stm32f4xx_hal_rcc.o
                0x08006874                HAL_RCC_GetHCLKFreq
 .text.HAL_RCC_GetPCLK1Freq
                0x0800688c       0x28 ./Drivers/STM32F4xx_HAL_Driver/Src/stm32f4xx_hal_rcc.o
                0x0800688c                HAL_RCC_GetPCLK1Freq
 .text.HAL_RCC_GetPCLK2Freq
                0x080068b4       0x28 ./Drivers/STM32F4xx_HAL_Driver/Src/stm32f4xx_hal_rcc.o
                0x080068b4                HAL_RCC_GetPCLK2Freq
 .text.HAL_RCC_GetClockConfig
                0x080068dc       0x64 ./Drivers/STM32F4xx_HAL_Driver/Src/stm32f4xx_hal_rcc.o
                0x080068dc                HAL_RCC_GetClockConfig
 .text.HAL_RCCEx_PeriphCLKConfig
                0x08006940      0x1e0 ./Drivers/STM32F4xx_HAL_Driver/Src/stm32f4xx_hal_rcc_ex.o
                0x08006940                HAL_RCCEx_PeriphCLKConfig
 .text.HAL_RTC_Init
                0x08006b20      0x102 ./Drivers/STM32F4xx_HAL_Driver/Src/stm32f4xx_hal_rtc.o
                0x08006b20                HAL_RTC_Init
 .text.HAL_RTC_SetTime
                0x08006c22      0x134 ./Drivers/STM32F4xx_HAL_Driver/Src/stm32f4xx_hal_rtc.o
                0x08006c22                HAL_RTC_SetTime
 .text.HAL_RTC_GetTime
                0x08006d56       0xbc ./Drivers/STM32F4xx_HAL_Driver/Src/stm32f4xx_hal_rtc.o
                0x08006d56                HAL_RTC_GetTime
 .text.HAL_RTC_SetDate
                0x08006e12      0x108 ./Drivers/STM32F4xx_HAL_Driver/Src/stm32f4xx_hal_rtc.o
                0x08006e12                HAL_RTC_SetDate
 .text.HAL_RTC_GetDate
                0x08006f1a       0x9e ./Drivers/STM32F4xx_HAL_Driver/Src/stm32f4xx_hal_rtc.o
                0x08006f1a                HAL_RTC_GetDate
 .text.HAL_RTC_WaitForSynchro
                0x08006fb8       0x4c ./Drivers/STM32F4xx_HAL_Driver/Src/stm32f4xx_hal_rtc.o
                0x08006fb8                HAL_RTC_WaitForSynchro
 .text.RTC_EnterInitMode
                0x08007004       0x6e ./Drivers/STM32F4xx_HAL_Driver/Src/stm32f4xx_hal_rtc.o
                0x08007004                RTC_EnterInitMode
 .text.RTC_ExitInitMode
                0x08007072       0x4a ./Drivers/STM32F4xx_HAL_Driver/Src/stm32f4xx_hal_rtc.o
                0x08007072                RTC_ExitInitMode
 .text.RTC_ByteToBcd2
                0x080070bc       0x3c ./Drivers/STM32F4xx_HAL_Driver/Src/stm32f4xx_hal_rtc.o
                0x080070bc                RTC_ByteToBcd2
 .text.RTC_Bcd2ToByte
                0x080070f8       0x3c ./Drivers/STM32F4xx_HAL_Driver/Src/stm32f4xx_hal_rtc.o
                0x080070f8                RTC_Bcd2ToByte
 .text.HAL_SD_Init
                0x08007134       0x60 ./Drivers/STM32F4xx_HAL_Driver/Src/stm32f4xx_hal_sd.o
                0x08007134                HAL_SD_Init
 .text.HAL_SD_InitCard
                0x08007194       0xf0 ./Drivers/STM32F4xx_HAL_Driver/Src/stm32f4xx_hal_sd.o
                0x08007194                HAL_SD_InitCard
 .text.HAL_SD_ReadBlocks_DMA
                0x08007284      0x1c4 ./Drivers/STM32F4xx_HAL_Driver/Src/stm32f4xx_hal_sd.o
                0x08007284                HAL_SD_ReadBlocks_DMA
 .text.HAL_SD_WriteBlocks_DMA
                0x08007448      0x1cc ./Drivers/STM32F4xx_HAL_Driver/Src/stm32f4xx_hal_sd.o
                0x08007448                HAL_SD_WriteBlocks_DMA
 .text.HAL_SD_IRQHandler
                0x08007614      0x30c ./Drivers/STM32F4xx_HAL_Driver/Src/stm32f4xx_hal_sd.o
                0x08007614                HAL_SD_IRQHandler
 .text.HAL_SD_ErrorCallback
                0x08007920       0x14 ./Drivers/STM32F4xx_HAL_Driver/Src/stm32f4xx_hal_sd.o
                0x08007920                HAL_SD_ErrorCallback
 .text.HAL_SD_GetCardCSD
                0x08007934      0x348 ./Drivers/STM32F4xx_HAL_Driver/Src/stm32f4xx_hal_sd.o
                0x08007934                HAL_SD_GetCardCSD
 .text.HAL_SD_GetCardInfo
                0x08007c7c       0x58 ./Drivers/STM32F4xx_HAL_Driver/Src/stm32f4xx_hal_sd.o
                0x08007c7c                HAL_SD_GetCardInfo
 .text.HAL_SD_GetCardState
                0x08007cd4       0x40 ./Drivers/STM32F4xx_HAL_Driver/Src/stm32f4xx_hal_sd.o
                0x08007cd4                HAL_SD_GetCardState
 .text.SD_DMATransmitCplt
                0x08007d14       0x2a ./Drivers/STM32F4xx_HAL_Driver/Src/stm32f4xx_hal_sd.o
 .text.SD_DMAReceiveCplt
                0x08007d3e       0x70 ./Drivers/STM32F4xx_HAL_Driver/Src/stm32f4xx_hal_sd.o
 *fill*         0x08007dae        0x2 
 .text.SD_DMAError
                0x08007db0       0xa4 ./Drivers/STM32F4xx_HAL_Driver/Src/stm32f4xx_hal_sd.o
 .text.SD_DMATxAbort
                0x08007e54       0x6e ./Drivers/STM32F4xx_HAL_Driver/Src/stm32f4xx_hal_sd.o
 .text.SD_DMARxAbort
                0x08007ec2       0x6e ./Drivers/STM32F4xx_HAL_Driver/Src/stm32f4xx_hal_sd.o
 .text.SD_InitCard
                0x08007f30      0x19c ./Drivers/STM32F4xx_HAL_Driver/Src/stm32f4xx_hal_sd.o
 .text.SD_PowerON
                0x080080cc      0x11c ./Drivers/STM32F4xx_HAL_Driver/Src/stm32f4xx_hal_sd.o
 .text.SD_SendStatus
                0x080081e8       0x50 ./Drivers/STM32F4xx_HAL_Driver/Src/stm32f4xx_hal_sd.o
 .text.SD_Read_IT
                0x08008238       0xa2 ./Drivers/STM32F4xx_HAL_Driver/Src/stm32f4xx_hal_sd.o
 .text.SD_Write_IT
                0x080082da       0xaa ./Drivers/STM32F4xx_HAL_Driver/Src/stm32f4xx_hal_sd.o
 .text.HAL_TIM_Base_Init
                0x08008384       0x9e ./Drivers/STM32F4xx_HAL_Driver/Src/stm32f4xx_hal_tim.o
                0x08008384                HAL_TIM_Base_Init
 *fill*         0x08008422        0x2 
 .text.HAL_TIM_Base_Start_IT
                0x08008424       0xc4 ./Drivers/STM32F4xx_HAL_Driver/Src/stm32f4xx_hal_tim.o
                0x08008424                HAL_TIM_Base_Start_IT
 .text.HAL_TIM_IC_Init
                0x080084e8       0x9e ./Drivers/STM32F4xx_HAL_Driver/Src/stm32f4xx_hal_tim.o
                0x080084e8                HAL_TIM_IC_Init
 .text.HAL_TIM_IC_MspInit
                0x08008586       0x14 ./Drivers/STM32F4xx_HAL_Driver/Src/stm32f4xx_hal_tim.o
                0x08008586                HAL_TIM_IC_MspInit
 .text.HAL_TIM_IRQHandler
                0x0800859a      0x1e0 ./Drivers/STM32F4xx_HAL_Driver/Src/stm32f4xx_hal_tim.o
                0x0800859a                HAL_TIM_IRQHandler
 .text.HAL_TIM_IC_ConfigChannel
                0x0800877a      0x138 ./Drivers/STM32F4xx_HAL_Driver/Src/stm32f4xx_hal_tim.o
                0x0800877a                HAL_TIM_IC_ConfigChannel
 .text.HAL_TIM_ConfigClockSource
                0x080088b2      0x18e ./Drivers/STM32F4xx_HAL_Driver/Src/stm32f4xx_hal_tim.o
                0x080088b2                HAL_TIM_ConfigClockSource
 .text.HAL_TIM_OC_DelayElapsedCallback
                0x08008a40       0x14 ./Drivers/STM32F4xx_HAL_Driver/Src/stm32f4xx_hal_tim.o
                0x08008a40                HAL_TIM_OC_DelayElapsedCallback
 .text.HAL_TIM_IC_CaptureCallback
                0x08008a54       0x14 ./Drivers/STM32F4xx_HAL_Driver/Src/stm32f4xx_hal_tim.o
                0x08008a54                HAL_TIM_IC_CaptureCallback
 .text.HAL_TIM_PWM_PulseFinishedCallback
                0x08008a68       0x14 ./Drivers/STM32F4xx_HAL_Driver/Src/stm32f4xx_hal_tim.o
                0x08008a68                HAL_TIM_PWM_PulseFinishedCallback
 .text.HAL_TIM_TriggerCallback
                0x08008a7c       0x14 ./Drivers/STM32F4xx_HAL_Driver/Src/stm32f4xx_hal_tim.o
                0x08008a7c                HAL_TIM_TriggerCallback
 .text.TIM_Base_SetConfig
                0x08008a90      0x10c ./Drivers/STM32F4xx_HAL_Driver/Src/stm32f4xx_hal_tim.o
                0x08008a90                TIM_Base_SetConfig
 .text.TIM_TI1_SetConfig
                0x08008b9c       0xd0 ./Drivers/STM32F4xx_HAL_Driver/Src/stm32f4xx_hal_tim.o
                0x08008b9c                TIM_TI1_SetConfig
 .text.TIM_TI1_ConfigInputStage
                0x08008c6c       0x5e ./Drivers/STM32F4xx_HAL_Driver/Src/stm32f4xx_hal_tim.o
 .text.TIM_TI2_SetConfig
                0x08008cca       0x7a ./Drivers/STM32F4xx_HAL_Driver/Src/stm32f4xx_hal_tim.o
 .text.TIM_TI2_ConfigInputStage
                0x08008d44       0x60 ./Drivers/STM32F4xx_HAL_Driver/Src/stm32f4xx_hal_tim.o
 .text.TIM_TI3_SetConfig
                0x08008da4       0x78 ./Drivers/STM32F4xx_HAL_Driver/Src/stm32f4xx_hal_tim.o
 .text.TIM_TI4_SetConfig
                0x08008e1c       0x7a ./Drivers/STM32F4xx_HAL_Driver/Src/stm32f4xx_hal_tim.o
 .text.TIM_ITRx_SetConfig
                0x08008e96       0x36 ./Drivers/STM32F4xx_HAL_Driver/Src/stm32f4xx_hal_tim.o
 .text.TIM_ETR_SetConfig
                0x08008ecc       0x40 ./Drivers/STM32F4xx_HAL_Driver/Src/stm32f4xx_hal_tim.o
                0x08008ecc                TIM_ETR_SetConfig
 .text.HAL_TIMEx_MasterConfigSynchronization
                0x08008f0c       0xdc ./Drivers/STM32F4xx_HAL_Driver/Src/stm32f4xx_hal_tim_ex.o
                0x08008f0c                HAL_TIMEx_MasterConfigSynchronization
 .text.HAL_TIMEx_CommutCallback
                0x08008fe8       0x14 ./Drivers/STM32F4xx_HAL_Driver/Src/stm32f4xx_hal_tim_ex.o
                0x08008fe8                HAL_TIMEx_CommutCallback
 .text.HAL_TIMEx_BreakCallback
                0x08008ffc       0x14 ./Drivers/STM32F4xx_HAL_Driver/Src/stm32f4xx_hal_tim_ex.o
                0x08008ffc                HAL_TIMEx_BreakCallback
 .text.HAL_UART_Init
                0x08009010       0xa0 ./Drivers/STM32F4xx_HAL_Driver/Src/stm32f4xx_hal_uart.o
                0x08009010                HAL_UART_Init
 .text.UART_SetConfig
                0x080090b0      0x4e8 ./Drivers/STM32F4xx_HAL_Driver/Src/stm32f4xx_hal_uart.o
 .text.SDIO_Init
                0x08009598       0x56 ./Drivers/STM32F4xx_HAL_Driver/Src/stm32f4xx_ll_sdmmc.o
                0x08009598                SDIO_Init
 .text.SDIO_ReadFIFO
                0x080095ee       0x1a ./Drivers/STM32F4xx_HAL_Driver/Src/stm32f4xx_ll_sdmmc.o
                0x080095ee                SDIO_ReadFIFO
 .text.SDIO_WriteFIFO
                0x08009608       0x22 ./Drivers/STM32F4xx_HAL_Driver/Src/stm32f4xx_ll_sdmmc.o
                0x08009608                SDIO_WriteFIFO
 .text.SDIO_PowerState_ON
                0x0800962a       0x1c ./Drivers/STM32F4xx_HAL_Driver/Src/stm32f4xx_ll_sdmmc.o
                0x0800962a                SDIO_PowerState_ON
 .text.SDIO_GetPowerState
                0x08009646       0x1c ./Drivers/STM32F4xx_HAL_Driver/Src/stm32f4xx_ll_sdmmc.o
                0x08009646                SDIO_GetPowerState
 .text.SDIO_SendCommand
                0x08009662       0x54 ./Drivers/STM32F4xx_HAL_Driver/Src/stm32f4xx_ll_sdmmc.o
                0x08009662                SDIO_SendCommand
 .text.SDIO_GetCommandResponse
                0x080096b6       0x1a ./Drivers/STM32F4xx_HAL_Driver/Src/stm32f4xx_ll_sdmmc.o
                0x080096b6                SDIO_GetCommandResponse
 .text.SDIO_GetResponse
                0x080096d0       0x26 ./Drivers/STM32F4xx_HAL_Driver/Src/stm32f4xx_ll_sdmmc.o
                0x080096d0                SDIO_GetResponse
 .text.SDIO_ConfigData
                0x080096f6       0x58 ./Drivers/STM32F4xx_HAL_Driver/Src/stm32f4xx_ll_sdmmc.o
                0x080096f6                SDIO_ConfigData
 .text.SDMMC_CmdBlockLength
                0x0800974e       0x44 ./Drivers/STM32F4xx_HAL_Driver/Src/stm32f4xx_ll_sdmmc.o
                0x0800974e                SDMMC_CmdBlockLength
 .text.SDMMC_CmdReadSingleBlock
                0x08009792       0x44 ./Drivers/STM32F4xx_HAL_Driver/Src/stm32f4xx_ll_sdmmc.o
                0x08009792                SDMMC_CmdReadSingleBlock
 .text.SDMMC_CmdReadMultiBlock
                0x080097d6       0x44 ./Drivers/STM32F4xx_HAL_Driver/Src/stm32f4xx_ll_sdmmc.o
                0x080097d6                SDMMC_CmdReadMultiBlock
 .text.SDMMC_CmdWriteSingleBlock
                0x0800981a       0x44 ./Drivers/STM32F4xx_HAL_Driver/Src/stm32f4xx_ll_sdmmc.o
                0x0800981a                SDMMC_CmdWriteSingleBlock
 .text.SDMMC_CmdWriteMultiBlock
                0x0800985e       0x44 ./Drivers/STM32F4xx_HAL_Driver/Src/stm32f4xx_ll_sdmmc.o
                0x0800985e                SDMMC_CmdWriteMultiBlock
 *fill*         0x080098a2        0x2 
 .text.SDMMC_CmdStopTransfer
                0x080098a4       0x44 ./Drivers/STM32F4xx_HAL_Driver/Src/stm32f4xx_ll_sdmmc.o
                0x080098a4                SDMMC_CmdStopTransfer
 .text.SDMMC_CmdSelDesel
                0x080098e8       0x46 ./Drivers/STM32F4xx_HAL_Driver/Src/stm32f4xx_ll_sdmmc.o
                0x080098e8                SDMMC_CmdSelDesel
 .text.SDMMC_CmdGoIdleState
                0x0800992e       0x3c ./Drivers/STM32F4xx_HAL_Driver/Src/stm32f4xx_ll_sdmmc.o
                0x0800992e                SDMMC_CmdGoIdleState
 .text.SDMMC_CmdOperCond
                0x0800996a       0x3e ./Drivers/STM32F4xx_HAL_Driver/Src/stm32f4xx_ll_sdmmc.o
                0x0800996a                SDMMC_CmdOperCond
 .text.SDMMC_CmdAppCommand
                0x080099a8       0x44 ./Drivers/STM32F4xx_HAL_Driver/Src/stm32f4xx_ll_sdmmc.o
                0x080099a8                SDMMC_CmdAppCommand
 .text.SDMMC_CmdAppOperCommand
                0x080099ec       0x46 ./Drivers/STM32F4xx_HAL_Driver/Src/stm32f4xx_ll_sdmmc.o
                0x080099ec                SDMMC_CmdAppOperCommand
 .text.SDMMC_CmdSendCID
                0x08009a32       0x3c ./Drivers/STM32F4xx_HAL_Driver/Src/stm32f4xx_ll_sdmmc.o
                0x08009a32                SDMMC_CmdSendCID
 .text.SDMMC_CmdSendCSD
                0x08009a6e       0x3e ./Drivers/STM32F4xx_HAL_Driver/Src/stm32f4xx_ll_sdmmc.o
                0x08009a6e                SDMMC_CmdSendCSD
 .text.SDMMC_CmdSetRelAdd
                0x08009aac       0x42 ./Drivers/STM32F4xx_HAL_Driver/Src/stm32f4xx_ll_sdmmc.o
                0x08009aac                SDMMC_CmdSetRelAdd
 .text.SDMMC_CmdSendStatus
                0x08009aee       0x44 ./Drivers/STM32F4xx_HAL_Driver/Src/stm32f4xx_ll_sdmmc.o
                0x08009aee                SDMMC_CmdSendStatus
 *fill*         0x08009b32        0x2 
 .text.SDMMC_GetCmdResp1
                0x08009b34      0x1dc ./Drivers/STM32F4xx_HAL_Driver/Src/stm32f4xx_ll_sdmmc.o
                0x08009b34                SDMMC_GetCmdResp1
 .text.SDMMC_GetCmdResp2
                0x08009d10       0x90 ./Drivers/STM32F4xx_HAL_Driver/Src/stm32f4xx_ll_sdmmc.o
                0x08009d10                SDMMC_GetCmdResp2
 .text.SDMMC_GetCmdResp3
                0x08009da0       0x7c ./Drivers/STM32F4xx_HAL_Driver/Src/stm32f4xx_ll_sdmmc.o
                0x08009da0                SDMMC_GetCmdResp3
 .text.SDMMC_GetCmdResp6
                0x08009e1c       0xec ./Drivers/STM32F4xx_HAL_Driver/Src/stm32f4xx_ll_sdmmc.o
                0x08009e1c                SDMMC_GetCmdResp6
 .text.SDMMC_GetCmdResp7
                0x08009f08       0x9c ./Drivers/STM32F4xx_HAL_Driver/Src/stm32f4xx_ll_sdmmc.o
                0x08009f08                SDMMC_GetCmdResp7
 .text.SDMMC_GetCmdError
                0x08009fa4       0x58 ./Drivers/STM32F4xx_HAL_Driver/Src/stm32f4xx_ll_sdmmc.o
 .text.MX_FATFS_Init
                0x08009ffc       0x24 ./FATFS/App/fatfs.o
                0x08009ffc                MX_FATFS_Init
 .text.get_fattime
                0x0800a020       0x10 ./FATFS/App/fatfs.o
                0x0800a020                get_fattime
 .text.BSP_SD_Init
                0x0800a030       0x30 ./FATFS/Target/bsp_driver_sd.o
                0x0800a030                BSP_SD_Init
 .text.BSP_SD_ReadBlocks_DMA
                0x0800a060       0x34 ./FATFS/Target/bsp_driver_sd.o
                0x0800a060                BSP_SD_ReadBlocks_DMA
 .text.BSP_SD_WriteBlocks_DMA
                0x0800a094       0x34 ./FATFS/Target/bsp_driver_sd.o
                0x0800a094                BSP_SD_WriteBlocks_DMA
 .text.BSP_SD_GetCardState
                0x0800a0c8       0x20 ./FATFS/Target/bsp_driver_sd.o
                0x0800a0c8                BSP_SD_GetCardState
 .text.BSP_SD_GetCardInfo
                0x0800a0e8       0x1c ./FATFS/Target/bsp_driver_sd.o
                0x0800a0e8                BSP_SD_GetCardInfo
 .text.HAL_SD_AbortCallback
                0x0800a104       0x14 ./FATFS/Target/bsp_driver_sd.o
                0x0800a104                HAL_SD_AbortCallback
 .text.HAL_SD_TxCpltCallback
                0x0800a118       0x14 ./FATFS/Target/bsp_driver_sd.o
                0x0800a118                HAL_SD_TxCpltCallback
 .text.HAL_SD_RxCpltCallback
                0x0800a12c       0x14 ./FATFS/Target/bsp_driver_sd.o
                0x0800a12c                HAL_SD_RxCpltCallback
 .text.BSP_SD_AbortCallback
                0x0800a140        0xe ./FATFS/Target/bsp_driver_sd.o
                0x0800a140                BSP_SD_AbortCallback
 .text.BSP_SD_IsDetected
                0x0800a14e       0x1a ./FATFS/Target/bsp_driver_sd.o
                0x0800a14e                BSP_SD_IsDetected
 .text.SD_CheckStatusWithTimeout
                0x0800a168       0x3a ./FATFS/Target/sd_diskio.o
 *fill*         0x0800a1a2        0x2 
 .text.SD_CheckStatus
                0x0800a1a4       0x3c ./FATFS/Target/sd_diskio.o
 .text.SD_initialize
                0x0800a1e0       0x38 ./FATFS/Target/sd_diskio.o
                0x0800a1e0                SD_initialize
 .text.SD_status
                0x0800a218       0x1c ./FATFS/Target/sd_diskio.o
                0x0800a218                SD_status
 .text.SD_read  0x0800a234       0xac ./FATFS/Target/sd_diskio.o
                0x0800a234                SD_read
 .text.SD_write
                0x0800a2e0       0xac ./FATFS/Target/sd_diskio.o
                0x0800a2e0                SD_write
 .text.SD_ioctl
                0x0800a38c       0xb0 ./FATFS/Target/sd_diskio.o
                0x0800a38c                SD_ioctl
 .text.BSP_SD_WriteCpltCallback
                0x0800a43c       0x18 ./FATFS/Target/sd_diskio.o
                0x0800a43c                BSP_SD_WriteCpltCallback
 .text.BSP_SD_ReadCpltCallback
                0x0800a454       0x18 ./FATFS/Target/sd_diskio.o
                0x0800a454                BSP_SD_ReadCpltCallback
 .text.disk_status
                0x0800a46c       0x34 ./Middlewares/Third_Party/FatFs/src/diskio.o
                0x0800a46c                disk_status
 .text.disk_initialize
                0x0800a4a0       0x50 ./Middlewares/Third_Party/FatFs/src/diskio.o
                0x0800a4a0                disk_initialize
 .text.disk_read
                0x0800a4f0       0x40 ./Middlewares/Third_Party/FatFs/src/diskio.o
                0x0800a4f0                disk_read
 .text.disk_write
                0x0800a530       0x40 ./Middlewares/Third_Party/FatFs/src/diskio.o
                0x0800a530                disk_write
 .text.disk_ioctl
                0x0800a570       0x3c ./Middlewares/Third_Party/FatFs/src/diskio.o
                0x0800a570                disk_ioctl
 .text.ld_word  0x0800a5ac       0x32 ./Middlewares/Third_Party/FatFs/src/ff.o
 .text.ld_dword
                0x0800a5de       0x46 ./Middlewares/Third_Party/FatFs/src/ff.o
 .text.st_word  0x0800a624       0x36 ./Middlewares/Third_Party/FatFs/src/ff.o
 .text.st_dword
                0x0800a65a       0x58 ./Middlewares/Third_Party/FatFs/src/ff.o
 .text.mem_cpy  0x0800a6b2       0x42 ./Middlewares/Third_Party/FatFs/src/ff.o
 .text.mem_set  0x0800a6f4       0x36 ./Middlewares/Third_Party/FatFs/src/ff.o
 .text.mem_cmp  0x0800a72a       0x4e ./Middlewares/Third_Party/FatFs/src/ff.o
 .text.chk_chr  0x0800a778       0x36 ./Middlewares/Third_Party/FatFs/src/ff.o
 *fill*         0x0800a7ae        0x2 
 .text.chk_lock
                0x0800a7b0       0xb8 ./Middlewares/Third_Party/FatFs/src/ff.o
 .text.enq_lock
                0x0800a868       0x44 ./Middlewares/Third_Party/FatFs/src/ff.o
 .text.inc_lock
                0x0800a8ac      0x11c ./Middlewares/Third_Party/FatFs/src/ff.o
 .text.dec_lock
                0x0800a9c8       0x78 ./Middlewares/Third_Party/FatFs/src/ff.o
 .text.clear_lock
                0x0800aa40       0x48 ./Middlewares/Third_Party/FatFs/src/ff.o
 .text.sync_window
                0x0800aa88       0x88 ./Middlewares/Third_Party/FatFs/src/ff.o
 .text.move_window
                0x0800ab10       0x5a ./Middlewares/Third_Party/FatFs/src/ff.o
 *fill*         0x0800ab6a        0x2 
 .text.sync_fs  0x0800ab6c       0xdc ./Middlewares/Third_Party/FatFs/src/ff.o
 .text.clust2sect
                0x0800ac48       0x3e ./Middlewares/Third_Party/FatFs/src/ff.o
 .text.get_fat  0x0800ac86      0x14e ./Middlewares/Third_Party/FatFs/src/ff.o
 .text.put_fat  0x0800add4      0x1d4 ./Middlewares/Third_Party/FatFs/src/ff.o
 .text.remove_chain
                0x0800afa8       0xca ./Middlewares/Third_Party/FatFs/src/ff.o
 .text.create_chain
                0x0800b072      0x130 ./Middlewares/Third_Party/FatFs/src/ff.o
 .text.dir_sdi  0x0800b1a2       0xf6 ./Middlewares/Third_Party/FatFs/src/ff.o
 .text.dir_next
                0x0800b298      0x18a ./Middlewares/Third_Party/FatFs/src/ff.o
 .text.dir_alloc
                0x0800b422       0x8e ./Middlewares/Third_Party/FatFs/src/ff.o
 .text.ld_clust
                0x0800b4b0       0x3e ./Middlewares/Third_Party/FatFs/src/ff.o
 .text.st_clust
                0x0800b4ee       0x40 ./Middlewares/Third_Party/FatFs/src/ff.o
 *fill*         0x0800b52e        0x2 
 .text.cmp_lfn  0x0800b530       0xe0 ./Middlewares/Third_Party/FatFs/src/ff.o
 .text.put_lfn  0x0800b610       0xd0 ./Middlewares/Third_Party/FatFs/src/ff.o
 .text.gen_numname
                0x0800b6e0      0x11c ./Middlewares/Third_Party/FatFs/src/ff.o
 .text.sum_sfn  0x0800b7fc       0x42 ./Middlewares/Third_Party/FatFs/src/ff.o
 .text.dir_find
                0x0800b83e      0x180 ./Middlewares/Third_Party/FatFs/src/ff.o
 *fill*         0x0800b9be        0x2 
 .text.dir_register
                0x0800b9c0      0x1f0 ./Middlewares/Third_Party/FatFs/src/ff.o
 .text.get_fileinfo
                0x0800bbb0      0x1bc ./Middlewares/Third_Party/FatFs/src/ff.o
 .text.create_name
                0x0800bd6c      0x370 ./Middlewares/Third_Party/FatFs/src/ff.o
 .text.follow_path
                0x0800c0dc       0xe2 ./Middlewares/Third_Party/FatFs/src/ff.o
 .text.get_ldnumber
                0x0800c1be       0x88 ./Middlewares/Third_Party/FatFs/src/ff.o
 *fill*         0x0800c246        0x2 
 .text.check_fs
                0x0800c248       0xac ./Middlewares/Third_Party/FatFs/src/ff.o
 .text.find_volume
                0x0800c2f4      0x4a0 ./Middlewares/Third_Party/FatFs/src/ff.o
 .text.validate
                0x0800c794       0x6a ./Middlewares/Third_Party/FatFs/src/ff.o
 *fill*         0x0800c7fe        0x2 
 .text.f_mount  0x0800c800       0x8c ./Middlewares/Third_Party/FatFs/src/ff.o
                0x0800c800                f_mount
 .text.f_open   0x0800c88c      0x36e ./Middlewares/Third_Party/FatFs/src/ff.o
                0x0800c88c                f_open
 .text.f_write  0x0800cbfa      0x2d2 ./Middlewares/Third_Party/FatFs/src/ff.o
                0x0800cbfa                f_write
 .text.f_sync   0x0800cecc       0xfc ./Middlewares/Third_Party/FatFs/src/ff.o
                0x0800cecc                f_sync
 .text.f_close  0x0800cfc8       0x54 ./Middlewares/Third_Party/FatFs/src/ff.o
                0x0800cfc8                f_close
 .text.f_stat   0x0800d01c       0x72 ./Middlewares/Third_Party/FatFs/src/ff.o
                0x0800d01c                f_stat
 *fill*         0x0800d08e        0x2 
 .text.FATFS_LinkDriverEx
                0x0800d090       0x98 ./Middlewares/Third_Party/FatFs/src/ff_gen_drv.o
                0x0800d090                FATFS_LinkDriverEx
 .text.FATFS_LinkDriver
                0x0800d128       0x1e ./Middlewares/Third_Party/FatFs/src/ff_gen_drv.o
                0x0800d128                FATFS_LinkDriver
 *fill*         0x0800d146        0x2 
 .text.ff_convert
                0x0800d148       0x78 ./Middlewares/Third_Party/FatFs/src/option/ccsbcs.o
                0x0800d148                ff_convert
 .text.ff_wtoupper
                0x0800d1c0      0x114 ./Middlewares/Third_Party/FatFs/src/option/ccsbcs.o
                0x0800d1c0                ff_wtoupper
 .text.__NVIC_SetPriority
                0x0800d2d4       0x54 ./Middlewares/Third_Party/FreeRTOS/Source/CMSIS_RTOS_V2/cmsis_os2.o
 .text.SysTick_Handler
                0x0800d328       0x20 ./Middlewares/Third_Party/FreeRTOS/Source/CMSIS_RTOS_V2/cmsis_os2.o
                0x0800d328                SysTick_Handler
 .text.SVC_Setup
                0x0800d348       0x12 ./Middlewares/Third_Party/FreeRTOS/Source/CMSIS_RTOS_V2/cmsis_os2.o
 *fill*         0x0800d35a        0x2 
 .text.osKernelInitialize
                0x0800d35c       0x48 ./Middlewares/Third_Party/FreeRTOS/Source/CMSIS_RTOS_V2/cmsis_os2.o
                0x0800d35c                osKernelInitialize
 .text.osKernelStart
                0x0800d3a4       0x4c ./Middlewares/Third_Party/FreeRTOS/Source/CMSIS_RTOS_V2/cmsis_os2.o
                0x0800d3a4                osKernelStart
 .text.osThreadNew
                0x0800d3f0      0x124 ./Middlewares/Third_Party/FreeRTOS/Source/CMSIS_RTOS_V2/cmsis_os2.o
                0x0800d3f0                osThreadNew
 .text.osDelay  0x0800d514       0x36 ./Middlewares/Third_Party/FreeRTOS/Source/CMSIS_RTOS_V2/cmsis_os2.o
                0x0800d514                osDelay
 *fill*         0x0800d54a        0x2 
 .text.vApplicationGetIdleTaskMemory
                0x0800d54c       0x34 ./Middlewares/Third_Party/FreeRTOS/Source/CMSIS_RTOS_V2/cmsis_os2.o
                0x0800d54c                vApplicationGetIdleTaskMemory
 .text.vApplicationGetTimerTaskMemory
                0x0800d580       0x34 ./Middlewares/Third_Party/FreeRTOS/Source/CMSIS_RTOS_V2/cmsis_os2.o
                0x0800d580                vApplicationGetTimerTaskMemory
 .text.vListInitialise
                0x0800d5b4       0x40 ./Middlewares/Third_Party/FreeRTOS/Source/list.o
                0x0800d5b4                vListInitialise
 .text.vListInitialiseItem
                0x0800d5f4       0x1a ./Middlewares/Third_Party/FreeRTOS/Source/list.o
                0x0800d5f4                vListInitialiseItem
 .text.vListInsertEnd
                0x0800d60e       0x48 ./Middlewares/Third_Party/FreeRTOS/Source/list.o
                0x0800d60e                vListInsertEnd
 .text.vListInsert
                0x0800d656       0x72 ./Middlewares/Third_Party/FreeRTOS/Source/list.o
                0x0800d656                vListInsert
 .text.uxListRemove
                0x0800d6c8       0x54 ./Middlewares/Third_Party/FreeRTOS/Source/list.o
                0x0800d6c8                uxListRemove
 .text.xQueueGenericReset
                0x0800d71c       0xd4 ./Middlewares/Third_Party/FreeRTOS/Source/queue.o
                0x0800d71c                xQueueGenericReset
 .text.xQueueGenericCreateStatic
                0x0800d7f0       0xfa ./Middlewares/Third_Party/FreeRTOS/Source/queue.o
                0x0800d7f0                xQueueGenericCreateStatic
 .text.prvInitialiseNewQueue
                0x0800d8ea       0x46 ./Middlewares/Third_Party/FreeRTOS/Source/queue.o
 .text.xQueueGenericSend
                0x0800d930      0x204 ./Middlewares/Third_Party/FreeRTOS/Source/queue.o
                0x0800d930                xQueueGenericSend
 .text.xQueueGenericSendFromISR
                0x0800db34      0x13c ./Middlewares/Third_Party/FreeRTOS/Source/queue.o
                0x0800db34                xQueueGenericSendFromISR
 .text.xQueueReceive
                0x0800dc70      0x1c4 ./Middlewares/Third_Party/FreeRTOS/Source/queue.o
                0x0800dc70                xQueueReceive
 .text.prvCopyDataToQueue
                0x0800de34       0xd4 ./Middlewares/Third_Party/FreeRTOS/Source/queue.o
 .text.prvCopyDataFromQueue
                0x0800df08       0x4c ./Middlewares/Third_Party/FreeRTOS/Source/queue.o
 .text.prvUnlockQueue
                0x0800df54       0xa4 ./Middlewares/Third_Party/FreeRTOS/Source/queue.o
 .text.prvIsQueueEmpty
                0x0800dff8       0x2c ./Middlewares/Third_Party/FreeRTOS/Source/queue.o
 .text.prvIsQueueFull
                0x0800e024       0x30 ./Middlewares/Third_Party/FreeRTOS/Source/queue.o
 .text.vQueueAddToRegistry
                0x0800e054       0x54 ./Middlewares/Third_Party/FreeRTOS/Source/queue.o
                0x0800e054                vQueueAddToRegistry
 .text.vQueueWaitForMessageRestricted
                0x0800e0a8       0x68 ./Middlewares/Third_Party/FreeRTOS/Source/queue.o
                0x0800e0a8                vQueueWaitForMessageRestricted
 .text.xTaskCreateStatic
                0x0800e110       0xc0 ./Middlewares/Third_Party/FreeRTOS/Source/tasks.o
                0x0800e110                xTaskCreateStatic
 .text.xTaskCreate
                0x0800e1d0       0x8a ./Middlewares/Third_Party/FreeRTOS/Source/tasks.o
                0x0800e1d0                xTaskCreate
 .text.prvInitialiseNewTask
                0x0800e25a      0x120 ./Middlewares/Third_Party/FreeRTOS/Source/tasks.o
 *fill*         0x0800e37a        0x2 
 .text.prvAddNewTaskToReadyList
                0x0800e37c       0xe0 ./Middlewares/Third_Party/FreeRTOS/Source/tasks.o
 .text.vTaskDelay
                0x0800e45c       0x6c ./Middlewares/Third_Party/FreeRTOS/Source/tasks.o
                0x0800e45c                vTaskDelay
 .text.vTaskStartScheduler
                0x0800e4c8       0xd0 ./Middlewares/Third_Party/FreeRTOS/Source/tasks.o
                0x0800e4c8                vTaskStartScheduler
 .text.vTaskSuspendAll
                0x0800e598       0x1c ./Middlewares/Third_Party/FreeRTOS/Source/tasks.o
                0x0800e598                vTaskSuspendAll
 .text.xTaskResumeAll
                0x0800e5b4      0x13c ./Middlewares/Third_Party/FreeRTOS/Source/tasks.o
                0x0800e5b4                xTaskResumeAll
 .text.xTaskGetTickCount
                0x0800e6f0       0x20 ./Middlewares/Third_Party/FreeRTOS/Source/tasks.o
                0x0800e6f0                xTaskGetTickCount
 .text.xTaskIncrementTick
                0x0800e710      0x174 ./Middlewares/Third_Party/FreeRTOS/Source/tasks.o
                0x0800e710                xTaskIncrementTick
 .text.vTaskSwitchContext
                0x0800e884      0x108 ./Middlewares/Third_Party/FreeRTOS/Source/tasks.o
                0x0800e884                vTaskSwitchContext
 .text.vTaskPlaceOnEventList
                0x0800e98c       0x4c ./Middlewares/Third_Party/FreeRTOS/Source/tasks.o
                0x0800e98c                vTaskPlaceOnEventList
 .text.vTaskPlaceOnEventListRestricted
                0x0800e9d8       0x58 ./Middlewares/Third_Party/FreeRTOS/Source/tasks.o
                0x0800e9d8                vTaskPlaceOnEventListRestricted
 .text.xTaskRemoveFromEventList
                0x0800ea30       0xc8 ./Middlewares/Third_Party/FreeRTOS/Source/tasks.o
                0x0800ea30                xTaskRemoveFromEventList
 .text.vTaskInternalSetTimeOutState
                0x0800eaf8       0x2c ./Middlewares/Third_Party/FreeRTOS/Source/tasks.o
                0x0800eaf8                vTaskInternalSetTimeOutState
 .text.xTaskCheckForTimeOut
                0x0800eb24       0xc8 ./Middlewares/Third_Party/FreeRTOS/Source/tasks.o
                0x0800eb24                xTaskCheckForTimeOut
 .text.vTaskMissedYield
                0x0800ebec       0x18 ./Middlewares/Third_Party/FreeRTOS/Source/tasks.o
                0x0800ebec                vTaskMissedYield
 .text.prvIdleTask
                0x0800ec04       0x30 ./Middlewares/Third_Party/FreeRTOS/Source/tasks.o
 .text.prvInitialiseTaskLists
                0x0800ec34       0x80 ./Middlewares/Third_Party/FreeRTOS/Source/tasks.o
 .text.prvCheckTasksWaitingTermination
                0x0800ecb4       0x5c ./Middlewares/Third_Party/FreeRTOS/Source/tasks.o
 .text.prvDeleteTCB
                0x0800ed10       0x60 ./Middlewares/Third_Party/FreeRTOS/Source/tasks.o
 .text.prvResetNextTaskUnblockTime
                0x0800ed70       0x40 ./Middlewares/Third_Party/FreeRTOS/Source/tasks.o
 .text.xTaskGetSchedulerState
                0x0800edb0       0x3c ./Middlewares/Third_Party/FreeRTOS/Source/tasks.o
                0x0800edb0                xTaskGetSchedulerState
 .text.xTaskPriorityDisinherit
                0x0800edec       0xe0 ./Middlewares/Third_Party/FreeRTOS/Source/tasks.o
                0x0800edec                xTaskPriorityDisinherit
 .text.prvAddCurrentTaskToDelayedList
                0x0800eecc       0xa8 ./Middlewares/Third_Party/FreeRTOS/Source/tasks.o
 .text.xTimerCreateTimerTask
                0x0800ef74       0x94 ./Middlewares/Third_Party/FreeRTOS/Source/timers.o
                0x0800ef74                xTimerCreateTimerTask
 .text.xTimerGenericCommand
                0x0800f008       0x9c ./Middlewares/Third_Party/FreeRTOS/Source/timers.o
                0x0800f008                xTimerGenericCommand
 .text.prvProcessExpiredTimer
                0x0800f0a4       0x9c ./Middlewares/Third_Party/FreeRTOS/Source/timers.o
 .text.prvTimerTask
                0x0800f140       0x26 ./Middlewares/Third_Party/FreeRTOS/Source/timers.o
 *fill*         0x0800f166        0x2 
 .text.prvProcessTimerOrBlockTask
                0x0800f168       0x9c ./Middlewares/Third_Party/FreeRTOS/Source/timers.o
 .text.prvGetNextExpireTime
                0x0800f204       0x48 ./Middlewares/Third_Party/FreeRTOS/Source/timers.o
 .text.prvSampleTimeNow
                0x0800f24c       0x40 ./Middlewares/Third_Party/FreeRTOS/Source/timers.o
 .text.prvInsertTimerInActiveList
                0x0800f28c       0x84 ./Middlewares/Third_Party/FreeRTOS/Source/timers.o
 .text.prvProcessReceivedCommands
                0x0800f310      0x1cc ./Middlewares/Third_Party/FreeRTOS/Source/timers.o
 .text.prvSwitchTimerLists
                0x0800f4dc       0xcc ./Middlewares/Third_Party/FreeRTOS/Source/timers.o
 .text.prvCheckForValidListAndQueue
                0x0800f5a8       0x80 ./Middlewares/Third_Party/FreeRTOS/Source/timers.o
 .text.pxPortInitialiseStack
                0x0800f628       0x68 ./Middlewares/Third_Party/FreeRTOS/Source/portable/GCC/ARM_CM4F/port.o
                0x0800f628                pxPortInitialiseStack
 .text.prvTaskExitError
                0x0800f690       0x5c ./Middlewares/Third_Party/FreeRTOS/Source/portable/GCC/ARM_CM4F/port.o
 *fill*         0x0800f6ec        0x4 
 .text.SVC_Handler
                0x0800f6f0       0x28 ./Middlewares/Third_Party/FreeRTOS/Source/portable/GCC/ARM_CM4F/port.o
                0x0800f6f0                SVC_Handler
 .text.prvPortStartFirstTask
                0x0800f718       0x28 ./Middlewares/Third_Party/FreeRTOS/Source/portable/GCC/ARM_CM4F/port.o
 .text.xPortStartScheduler
                0x0800f740      0x148 ./Middlewares/Third_Party/FreeRTOS/Source/portable/GCC/ARM_CM4F/port.o
                0x0800f740                xPortStartScheduler
 .text.vPortEnterCritical
                0x0800f888       0x64 ./Middlewares/Third_Party/FreeRTOS/Source/portable/GCC/ARM_CM4F/port.o
                0x0800f888                vPortEnterCritical
 .text.vPortExitCritical
                0x0800f8ec       0x54 ./Middlewares/Third_Party/FreeRTOS/Source/portable/GCC/ARM_CM4F/port.o
                0x0800f8ec                vPortExitCritical
 .text.PendSV_Handler
                0x0800f940       0x68 ./Middlewares/Third_Party/FreeRTOS/Source/portable/GCC/ARM_CM4F/port.o
                0x0800f940                PendSV_Handler
 .text.xPortSysTickHandler
                0x0800f9a8       0x44 ./Middlewares/Third_Party/FreeRTOS/Source/portable/GCC/ARM_CM4F/port.o
                0x0800f9a8                xPortSysTickHandler
 .text.vPortSetupTimerInterrupt
                0x0800f9ec       0x48 ./Middlewares/Third_Party/FreeRTOS/Source/portable/GCC/ARM_CM4F/port.o
                0x0800f9ec                vPortSetupTimerInterrupt
 .text.vPortEnableVFP
                0x0800fa34       0x14 ./Middlewares/Third_Party/FreeRTOS/Source/portable/GCC/ARM_CM4F/port.o
 .text.vPortValidateInterruptPriority
                0x0800fa48       0x84 ./Middlewares/Third_Party/FreeRTOS/Source/portable/GCC/ARM_CM4F/port.o
                0x0800fa48                vPortValidateInterruptPriority
 .text.pvPortMalloc
                0x0800facc      0x1a8 ./Middlewares/Third_Party/FreeRTOS/Source/portable/MemMang/heap_4.o
                0x0800facc                pvPortMalloc
 .text.vPortFree
                0x0800fc74       0xc8 ./Middlewares/Third_Party/FreeRTOS/Source/portable/MemMang/heap_4.o
                0x0800fc74                vPortFree
 .text.prvHeapInit
                0x0800fd3c       0xc4 ./Middlewares/Third_Party/FreeRTOS/Source/portable/MemMang/heap_4.o
 .text.prvInsertBlockIntoFreeList
                0x0800fe00       0xb4 ./Middlewares/Third_Party/FreeRTOS/Source/portable/MemMang/heap_4.o
 .text.__cvt    0x0800feb4       0xca C:/ST/STM32CubeIDE_2.1.1/STM32CubeIDE/plugins/com.st.stm32cube.ide.mcu.externaltools.gnu-tools-for-stm32.14.3.rel1.win32_1.0.100.202602081740/tools/bin/../lib/gcc/arm-none-eabi/14.3.1/../../../../arm-none-eabi/lib/thumb/v7e-m+fp/hard\libc_nano.a(libc_a-nano-vfprintf_float.o)
                0x0800feb4                __cvt
 .text.__exponent
                0x0800ff7e       0x74 C:/ST/STM32CubeIDE_2.1.1/STM32CubeIDE/plugins/com.st.stm32cube.ide.mcu.externaltools.gnu-tools-for-stm32.14.3.rel1.win32_1.0.100.202602081740/tools/bin/../lib/gcc/arm-none-eabi/14.3.1/../../../../arm-none-eabi/lib/thumb/v7e-m+fp/hard\libc_nano.a(libc_a-nano-vfprintf_float.o)
                0x0800ff7e                __exponent
 *fill*         0x0800fff2        0x2 
 .text._printf_float
                0x0800fff4      0x450 C:/ST/STM32CubeIDE_2.1.1/STM32CubeIDE/plugins/com.st.stm32cube.ide.mcu.externaltools.gnu-tools-for-stm32.14.3.rel1.win32_1.0.100.202602081740/tools/bin/../lib/gcc/arm-none-eabi/14.3.1/../../../../arm-none-eabi/lib/thumb/v7e-m+fp/hard\libc_nano.a(libc_a-nano-vfprintf_float.o)
                0x0800fff4                _printf_float
 .text._printf_common
                0x08010444       0xda C:/ST/STM32CubeIDE_2.1.1/STM32CubeIDE/plugins/com.st.stm32cube.ide.mcu.externaltools.gnu-tools-for-stm32.14.3.rel1.win32_1.0.100.202602081740/tools/bin/../lib/gcc/arm-none-eabi/14.3.1/../../../../arm-none-eabi/lib/thumb/v7e-m+fp/hard\libc_nano.a(libc_a-nano-vfprintf_i.o)
                0x08010444                _printf_common
 *fill*         0x0801051e        0x2 
 .text._printf_i
                0x08010520      0x24c C:/ST/STM32CubeIDE_2.1.1/STM32CubeIDE/plugins/com.st.stm32cube.ide.mcu.externaltools.gnu-tools-for-stm32.14.3.rel1.win32_1.0.100.202602081740/tools/bin/../lib/gcc/arm-none-eabi/14.3.1/../../../../arm-none-eabi/lib/thumb/v7e-m+fp/hard\libc_nano.a(libc_a-nano-vfprintf_i.o)
                0x08010520                _printf_i
 .text.std      0x0801076c       0x6c C:/ST/STM32CubeIDE_2.1.1/STM32CubeIDE/plugins/com.st.stm32cube.ide.mcu.externaltools.gnu-tools-for-stm32.14.3.rel1.win32_1.0.100.202602081740/tools/bin/../lib/gcc/arm-none-eabi/14.3.1/../../../../arm-none-eabi/lib/thumb/v7e-m+fp/hard\libc_nano.a(libc_a-findfp.o)
 .text.stdio_exit_handler
                0x080107d8       0x18 C:/ST/STM32CubeIDE_2.1.1/STM32CubeIDE/plugins/com.st.stm32cube.ide.mcu.externaltools.gnu-tools-for-stm32.14.3.rel1.win32_1.0.100.202602081740/tools/bin/../lib/gcc/arm-none-eabi/14.3.1/../../../../arm-none-eabi/lib/thumb/v7e-m+fp/hard\libc_nano.a(libc_a-findfp.o)
 .text.cleanup_stdio
                0x080107f0       0x40 C:/ST/STM32CubeIDE_2.1.1/STM32CubeIDE/plugins/com.st.stm32cube.ide.mcu.externaltools.gnu-tools-for-stm32.14.3.rel1.win32_1.0.100.202602081740/tools/bin/../lib/gcc/arm-none-eabi/14.3.1/../../../../arm-none-eabi/lib/thumb/v7e-m+fp/hard\libc_nano.a(libc_a-findfp.o)
 .text.global_stdio_init.part.0
                0x08010830       0x40 C:/ST/STM32CubeIDE_2.1.1/STM32CubeIDE/plugins/com.st.stm32cube.ide.mcu.externaltools.gnu-tools-for-stm32.14.3.rel1.win32_1.0.100.202602081740/tools/bin/../lib/gcc/arm-none-eabi/14.3.1/../../../../arm-none-eabi/lib/thumb/v7e-m+fp/hard\libc_nano.a(libc_a-findfp.o)
 .text.__sfp_lock_acquire
                0x08010870        0xc C:/ST/STM32CubeIDE_2.1.1/STM32CubeIDE/plugins/com.st.stm32cube.ide.mcu.externaltools.gnu-tools-for-stm32.14.3.rel1.win32_1.0.100.202602081740/tools/bin/../lib/gcc/arm-none-eabi/14.3.1/../../../../arm-none-eabi/lib/thumb/v7e-m+fp/hard\libc_nano.a(libc_a-findfp.o)
                0x08010870                __sfp_lock_acquire
 .text.__sfp_lock_release
                0x0801087c        0xc C:/ST/STM32CubeIDE_2.1.1/STM32CubeIDE/plugins/com.st.stm32cube.ide.mcu.externaltools.gnu-tools-for-stm32.14.3.rel1.win32_1.0.100.202602081740/tools/bin/../lib/gcc/arm-none-eabi/14.3.1/../../../../arm-none-eabi/lib/thumb/v7e-m+fp/hard\libc_nano.a(libc_a-findfp.o)
                0x0801087c                __sfp_lock_release
 .text.__sinit  0x08010888       0x30 C:/ST/STM32CubeIDE_2.1.1/STM32CubeIDE/plugins/com.st.stm32cube.ide.mcu.externaltools.gnu-tools-for-stm32.14.3.rel1.win32_1.0.100.202602081740/tools/bin/../lib/gcc/arm-none-eabi/14.3.1/../../../../arm-none-eabi/lib/thumb/v7e-m+fp/hard\libc_nano.a(libc_a-findfp.o)
                0x08010888                __sinit
 .text._fwalk_sglue
                0x080108b8       0x3c C:/ST/STM32CubeIDE_2.1.1/STM32CubeIDE/plugins/com.st.stm32cube.ide.mcu.externaltools.gnu-tools-for-stm32.14.3.rel1.win32_1.0.100.202602081740/tools/bin/../lib/gcc/arm-none-eabi/14.3.1/../../../../arm-none-eabi/lib/thumb/v7e-m+fp/hard\libc_nano.a(libc_a-fwalk.o)
                0x080108b8                _fwalk_sglue
 .text.snprintf
                0x080108f4       0x6c C:/ST/STM32CubeIDE_2.1.1/STM32CubeIDE/plugins/com.st.stm32cube.ide.mcu.externaltools.gnu-tools-for-stm32.14.3.rel1.win32_1.0.100.202602081740/tools/bin/../lib/gcc/arm-none-eabi/14.3.1/../../../../arm-none-eabi/lib/thumb/v7e-m+fp/hard\libc_nano.a(libc_a-snprintf.o)
                0x080108f4                sniprintf
                0x080108f4                snprintf
 .text.__sread  0x08010960       0x22 C:/ST/STM32CubeIDE_2.1.1/STM32CubeIDE/plugins/com.st.stm32cube.ide.mcu.externaltools.gnu-tools-for-stm32.14.3.rel1.win32_1.0.100.202602081740/tools/bin/../lib/gcc/arm-none-eabi/14.3.1/../../../../arm-none-eabi/lib/thumb/v7e-m+fp/hard\libc_nano.a(libc_a-stdio.o)
                0x08010960                __sread
 .text.__swrite
                0x08010982       0x38 C:/ST/STM32CubeIDE_2.1.1/STM32CubeIDE/plugins/com.st.stm32cube.ide.mcu.externaltools.gnu-tools-for-stm32.14.3.rel1.win32_1.0.100.202602081740/tools/bin/../lib/gcc/arm-none-eabi/14.3.1/../../../../arm-none-eabi/lib/thumb/v7e-m+fp/hard\libc_nano.a(libc_a-stdio.o)
                0x08010982                __swrite
 .text.__sseek  0x080109ba       0x26 C:/ST/STM32CubeIDE_2.1.1/STM32CubeIDE/plugins/com.st.stm32cube.ide.mcu.externaltools.gnu-tools-for-stm32.14.3.rel1.win32_1.0.100.202602081740/tools/bin/../lib/gcc/arm-none-eabi/14.3.1/../../../../arm-none-eabi/lib/thumb/v7e-m+fp/hard\libc_nano.a(libc_a-stdio.o)
                0x080109ba                __sseek
 .text.__sclose
                0x080109e0        0x8 C:/ST/STM32CubeIDE_2.1.1/STM32CubeIDE/plugins/com.st.stm32cube.ide.mcu.externaltools.gnu-tools-for-stm32.14.3.rel1.win32_1.0.100.202602081740/tools/bin/../lib/gcc/arm-none-eabi/14.3.1/../../../../arm-none-eabi/lib/thumb/v7e-m+fp/hard\libc_nano.a(libc_a-stdio.o)
                0x080109e0                __sclose
 .text.memset   0x080109e8       0x10 C:/ST/STM32CubeIDE_2.1.1/STM32CubeIDE/plugins/com.st.stm32cube.ide.mcu.externaltools.gnu-tools-for-stm32.14.3.rel1.win32_1.0.100.202602081740/tools/bin/../lib/gcc/arm-none-eabi/14.3.1/../../../../arm-none-eabi/lib/thumb/v7e-m+fp/hard\libc_nano.a(libc_a-memset.o)
                0x080109e8                memset
 .text._localeconv_r
                0x080109f8        0x8 C:/ST/STM32CubeIDE_2.1.1/STM32CubeIDE/plugins/com.st.stm32cube.ide.mcu.externaltools.gnu-tools-for-stm32.14.3.rel1.win32_1.0.100.202602081740/tools/bin/../lib/gcc/arm-none-eabi/14.3.1/../../../../arm-none-eabi/lib/thumb/v7e-m+fp/hard\libc_nano.a(libc_a-localeconv.o)
                0x080109f8                _localeconv_r
 .text._close_r
                0x08010a00       0x20 C:/ST/STM32CubeIDE_2.1.1/STM32CubeIDE/plugins/com.st.stm32cube.ide.mcu.externaltools.gnu-tools-for-stm32.14.3.rel1.win32_1.0.100.202602081740/tools/bin/../lib/gcc/arm-none-eabi/14.3.1/../../../../arm-none-eabi/lib/thumb/v7e-m+fp/hard\libc_nano.a(libc_a-closer.o)
                0x08010a00                _close_r
 .text._lseek_r
                0x08010a20       0x24 C:/ST/STM32CubeIDE_2.1.1/STM32CubeIDE/plugins/com.st.stm32cube.ide.mcu.externaltools.gnu-tools-for-stm32.14.3.rel1.win32_1.0.100.202602081740/tools/bin/../lib/gcc/arm-none-eabi/14.3.1/../../../../arm-none-eabi/lib/thumb/v7e-m+fp/hard\libc_nano.a(libc_a-lseekr.o)
                0x08010a20                _lseek_r
 .text._read_r  0x08010a44       0x24 C:/ST/STM32CubeIDE_2.1.1/STM32CubeIDE/plugins/com.st.stm32cube.ide.mcu.externaltools.gnu-tools-for-stm32.14.3.rel1.win32_1.0.100.202602081740/tools/bin/../lib/gcc/arm-none-eabi/14.3.1/../../../../arm-none-eabi/lib/thumb/v7e-m+fp/hard\libc_nano.a(libc_a-readr.o)
                0x08010a44                _read_r
 .text._write_r
                0x08010a68       0x24 C:/ST/STM32CubeIDE_2.1.1/STM32CubeIDE/plugins/com.st.stm32cube.ide.mcu.externaltools.gnu-tools-for-stm32.14.3.rel1.win32_1.0.100.202602081740/tools/bin/../lib/gcc/arm-none-eabi/14.3.1/../../../../arm-none-eabi/lib/thumb/v7e-m+fp/hard\libc_nano.a(libc_a-writer.o)
                0x08010a68                _write_r
 .text.__errno  0x08010a8c        0xc C:/ST/STM32CubeIDE_2.1.1/STM32CubeIDE/plugins/com.st.stm32cube.ide.mcu.externaltools.gnu-tools-for-stm32.14.3.rel1.win32_1.0.100.202602081740/tools/bin/../lib/gcc/arm-none-eabi/14.3.1/../../../../arm-none-eabi/lib/thumb/v7e-m+fp/hard\libc_nano.a(libc_a-errno.o)
                0x08010a8c                __errno
 .text.__libc_init_array
                0x08010a98       0x48 C:/ST/STM32CubeIDE_2.1.1/STM32CubeIDE/plugins/com.st.stm32cube.ide.mcu.externaltools.gnu-tools-for-stm32.14.3.rel1.win32_1.0.100.202602081740/tools/bin/../lib/gcc/arm-none-eabi/14.3.1/../../../../arm-none-eabi/lib/thumb/v7e-m+fp/hard\libc_nano.a(libc_a-init.o)
                0x08010a98                __libc_init_array
 .text.__retarget_lock_init_recursive
                0x08010ae0        0x2 C:/ST/STM32CubeIDE_2.1.1/STM32CubeIDE/plugins/com.st.stm32cube.ide.mcu.externaltools.gnu-tools-for-stm32.14.3.rel1.win32_1.0.100.202602081740/tools/bin/../lib/gcc/arm-none-eabi/14.3.1/../../../../arm-none-eabi/lib/thumb/v7e-m+fp/hard\libc_nano.a(libc_a-lock.o)
                0x08010ae0                __retarget_lock_init_recursive
 .text.__retarget_lock_acquire_recursive
                0x08010ae2        0x2 C:/ST/STM32CubeIDE_2.1.1/STM32CubeIDE/plugins/com.st.stm32cube.ide.mcu.externaltools.gnu-tools-for-stm32.14.3.rel1.win32_1.0.100.202602081740/tools/bin/../lib/gcc/arm-none-eabi/14.3.1/../../../../arm-none-eabi/lib/thumb/v7e-m+fp/hard\libc_nano.a(libc_a-lock.o)
                0x08010ae2                __retarget_lock_acquire_recursive
 .text.__retarget_lock_release_recursive
                0x08010ae4        0x2 C:/ST/STM32CubeIDE_2.1.1/STM32CubeIDE/plugins/com.st.stm32cube.ide.mcu.externaltools.gnu-tools-for-stm32.14.3.rel1.win32_1.0.100.202602081740/tools/bin/../lib/gcc/arm-none-eabi/14.3.1/../../../../arm-none-eabi/lib/thumb/v7e-m+fp/hard\libc_nano.a(libc_a-lock.o)
                0x08010ae4                __retarget_lock_release_recursive
 .text.memcpy   0x08010ae6       0x1c C:/ST/STM32CubeIDE_2.1.1/STM32CubeIDE/plugins/com.st.stm32cube.ide.mcu.externaltools.gnu-tools-for-stm32.14.3.rel1.win32_1.0.100.202602081740/tools/bin/../lib/gcc/arm-none-eabi/14.3.1/../../../../arm-none-eabi/lib/thumb/v7e-m+fp/hard\libc_nano.a(libc_a-memcpy-stub.o)
                0x08010ae6                memcpy
 .text.quorem   0x08010b02      0x110 C:/ST/STM32CubeIDE_2.1.1/STM32CubeIDE/plugins/com.st.stm32cube.ide.mcu.externaltools.gnu-tools-for-stm32.14.3.rel1.win32_1.0.100.202602081740/tools/bin/../lib/gcc/arm-none-eabi/14.3.1/../../../../arm-none-eabi/lib/thumb/v7e-m+fp/hard\libc_nano.a(libc_a-dtoa.o)
 *fill*         0x08010c12        0x6 
 .text._dtoa_r  0x08010c18      0xbb8 C:/ST/STM32CubeIDE_2.1.1/STM32CubeIDE/plugins/com.st.stm32cube.ide.mcu.externaltools.gnu-tools-for-stm32.14.3.rel1.win32_1.0.100.202602081740/tools/bin/../lib/gcc/arm-none-eabi/14.3.1/../../../../arm-none-eabi/lib/thumb/v7e-m+fp/hard\libc_nano.a(libc_a-dtoa.o)
                0x08010c18                _dtoa_r
 .text._free_r  0x080117d0       0x94 C:/ST/STM32CubeIDE_2.1.1/STM32CubeIDE/plugins/com.st.stm32cube.ide.mcu.externaltools.gnu-tools-for-stm32.14.3.rel1.win32_1.0.100.202602081740/tools/bin/../lib/gcc/arm-none-eabi/14.3.1/../../../../arm-none-eabi/lib/thumb/v7e-m+fp/hard\libc_nano.a(libc_a-freer.o)
                0x080117d0                _free_r
 .text.malloc   0x08011864       0x10 C:/ST/STM32CubeIDE_2.1.1/STM32CubeIDE/plugins/com.st.stm32cube.ide.mcu.externaltools.gnu-tools-for-stm32.14.3.rel1.win32_1.0.100.202602081740/tools/bin/../lib/gcc/arm-none-eabi/14.3.1/../../../../arm-none-eabi/lib/thumb/v7e-m+fp/hard\libc_nano.a(libc_a-malloc.o)
                0x08011864                malloc
 .text.sbrk_aligned
                0x08011874       0x44 C:/ST/STM32CubeIDE_2.1.1/STM32CubeIDE/plugins/com.st.stm32cube.ide.mcu.externaltools.gnu-tools-for-stm32.14.3.rel1.win32_1.0.100.202602081740/tools/bin/../lib/gcc/arm-none-eabi/14.3.1/../../../../arm-none-eabi/lib/thumb/v7e-m+fp/hard\libc_nano.a(libc_a-mallocr.o)
 .text._malloc_r
                0x080118b8      0x100 C:/ST/STM32CubeIDE_2.1.1/STM32CubeIDE/plugins/com.st.stm32cube.ide.mcu.externaltools.gnu-tools-for-stm32.14.3.rel1.win32_1.0.100.202602081740/tools/bin/../lib/gcc/arm-none-eabi/14.3.1/../../../../arm-none-eabi/lib/thumb/v7e-m+fp/hard\libc_nano.a(libc_a-mallocr.o)
                0x080118b8                _malloc_r
 .text.__malloc_lock
                0x080119b8        0xc C:/ST/STM32CubeIDE_2.1.1/STM32CubeIDE/plugins/com.st.stm32cube.ide.mcu.externaltools.gnu-tools-for-stm32.14.3.rel1.win32_1.0.100.202602081740/tools/bin/../lib/gcc/arm-none-eabi/14.3.1/../../../../arm-none-eabi/lib/thumb/v7e-m+fp/hard\libc_nano.a(libc_a-mlock.o)
                0x080119b8                __malloc_lock
 .text.__malloc_unlock
                0x080119c4        0xc C:/ST/STM32CubeIDE_2.1.1/STM32CubeIDE/plugins/com.st.stm32cube.ide.mcu.externaltools.gnu-tools-for-stm32.14.3.rel1.win32_1.0.100.202602081740/tools/bin/../lib/gcc/arm-none-eabi/14.3.1/../../../../arm-none-eabi/lib/thumb/v7e-m+fp/hard\libc_nano.a(libc_a-mlock.o)
                0x080119c4                __malloc_unlock
 .text._Balloc  0x080119d0       0x7c C:/ST/STM32CubeIDE_2.1.1/STM32CubeIDE/plugins/com.st.stm32cube.ide.mcu.externaltools.gnu-tools-for-stm32.14.3.rel1.win32_1.0.100.202602081740/tools/bin/../lib/gcc/arm-none-eabi/14.3.1/../../../../arm-none-eabi/lib/thumb/v7e-m+fp/hard\libc_nano.a(libc_a-mprec.o)
                0x080119d0                _Balloc
 .text._Bfree   0x08011a4c       0x44 C:/ST/STM32CubeIDE_2.1.1/STM32CubeIDE/plugins/com.st.stm32cube.ide.mcu.externaltools.gnu-tools-for-stm32.14.3.rel1.win32_1.0.100.202602081740/tools/bin/../lib/gcc/arm-none-eabi/14.3.1/../../../../arm-none-eabi/lib/thumb/v7e-m+fp/hard\libc_nano.a(libc_a-mprec.o)
                0x08011a4c                _Bfree
 .text.__multadd
                0x08011a90       0x8c C:/ST/STM32CubeIDE_2.1.1/STM32CubeIDE/plugins/com.st.stm32cube.ide.mcu.externaltools.gnu-tools-for-stm32.14.3.rel1.win32_1.0.100.202602081740/tools/bin/../lib/gcc/arm-none-eabi/14.3.1/../../../../arm-none-eabi/lib/thumb/v7e-m+fp/hard\libc_nano.a(libc_a-mprec.o)
                0x08011a90                __multadd
 .text.__hi0bits
                0x08011b1c       0x3e C:/ST/STM32CubeIDE_2.1.1/STM32CubeIDE/plugins/com.st.stm32cube.ide.mcu.externaltools.gnu-tools-for-stm32.14.3.rel1.win32_1.0.100.202602081740/tools/bin/../lib/gcc/arm-none-eabi/14.3.1/../../../../arm-none-eabi/lib/thumb/v7e-m+fp/hard\libc_nano.a(libc_a-mprec.o)
                0x08011b1c                __hi0bits
 .text.__lo0bits
                0x08011b5a       0x5a C:/ST/STM32CubeIDE_2.1.1/STM32CubeIDE/plugins/com.st.stm32cube.ide.mcu.externaltools.gnu-tools-for-stm32.14.3.rel1.win32_1.0.100.202602081740/tools/bin/../lib/gcc/arm-none-eabi/14.3.1/../../../../arm-none-eabi/lib/thumb/v7e-m+fp/hard\libc_nano.a(libc_a-mprec.o)
                0x08011b5a                __lo0bits
 .text.__i2b    0x08011bb4       0x2c C:/ST/STM32CubeIDE_2.1.1/STM32CubeIDE/plugins/com.st.stm32cube.ide.mcu.externaltools.gnu-tools-for-stm32.14.3.rel1.win32_1.0.100.202602081740/tools/bin/../lib/gcc/arm-none-eabi/14.3.1/../../../../arm-none-eabi/lib/thumb/v7e-m+fp/hard\libc_nano.a(libc_a-mprec.o)
                0x08011bb4                __i2b
 .text.__multiply
                0x08011be0      0x154 C:/ST/STM32CubeIDE_2.1.1/STM32CubeIDE/plugins/com.st.stm32cube.ide.mcu.externaltools.gnu-tools-for-stm32.14.3.rel1.win32_1.0.100.202602081740/tools/bin/../lib/gcc/arm-none-eabi/14.3.1/../../../../arm-none-eabi/lib/thumb/v7e-m+fp/hard\libc_nano.a(libc_a-mprec.o)
                0x08011be0                __multiply
 .text.__pow5mult
                0x08011d34       0xb8 C:/ST/STM32CubeIDE_2.1.1/STM32CubeIDE/plugins/com.st.stm32cube.ide.mcu.externaltools.gnu-tools-for-stm32.14.3.rel1.win32_1.0.100.202602081740/tools/bin/../lib/gcc/arm-none-eabi/14.3.1/../../../../arm-none-eabi/lib/thumb/v7e-m+fp/hard\libc_nano.a(libc_a-mprec.o)
                0x08011d34                __pow5mult
 .text.__lshift
                0x08011dec       0xdc C:/ST/STM32CubeIDE_2.1.1/STM32CubeIDE/plugins/com.st.stm32cube.ide.mcu.externaltools.gnu-tools-for-stm32.14.3.rel1.win32_1.0.100.202602081740/tools/bin/../lib/gcc/arm-none-eabi/14.3.1/../../../../arm-none-eabi/lib/thumb/v7e-m+fp/hard\libc_nano.a(libc_a-mprec.o)
                0x08011dec                __lshift
 .text.__mcmp   0x08011ec8       0x36 C:/ST/STM32CubeIDE_2.1.1/STM32CubeIDE/plugins/com.st.stm32cube.ide.mcu.externaltools.gnu-tools-for-stm32.14.3.rel1.win32_1.0.100.202602081740/tools/bin/../lib/gcc/arm-none-eabi/14.3.1/../../../../arm-none-eabi/lib/thumb/v7e-m+fp/hard\libc_nano.a(libc_a-mprec.o)
                0x08011ec8                __mcmp
 *fill*         0x08011efe        0x2 
 .text.__mdiff  0x08011f00      0x130 C:/ST/STM32CubeIDE_2.1.1/STM32CubeIDE/plugins/com.st.stm32cube.ide.mcu.externaltools.gnu-tools-for-stm32.14.3.rel1.win32_1.0.100.202602081740/tools/bin/../lib/gcc/arm-none-eabi/14.3.1/../../../../arm-none-eabi/lib/thumb/v7e-m+fp/hard\libc_nano.a(libc_a-mprec.o)
                0x08011f00                __mdiff
 .text.__d2b    0x08012030       0xb0 C:/ST/STM32CubeIDE_2.1.1/STM32CubeIDE/plugins/com.st.stm32cube.ide.mcu.externaltools.gnu-tools-for-stm32.14.3.rel1.win32_1.0.100.202602081740/tools/bin/../lib/gcc/arm-none-eabi/14.3.1/../../../../arm-none-eabi/lib/thumb/v7e-m+fp/hard\libc_nano.a(libc_a-mprec.o)
                0x08012030                __d2b
 .text.__ssputs_r
                0x080120e0       0xc0 C:/ST/STM32CubeIDE_2.1.1/STM32CubeIDE/plugins/com.st.stm32cube.ide.mcu.externaltools.gnu-tools-for-stm32.14.3.rel1.win32_1.0.100.202602081740/tools/bin/../lib/gcc/arm-none-eabi/14.3.1/../../../../arm-none-eabi/lib/thumb/v7e-m+fp/hard\libc_nano.a(libc_a-nano-svfprintf.o)
                0x080120e0                __ssputs_r
 .text._svfprintf_r