../Core/Application/Src/acquisition.c:55:14:ADC_To_Voltage	16	static
../Core/Application/Src/acquisition.c:60:14:ADC_To_BrakePressureBar	24	static
../Core/Application/Src/acquisition.c:83:14:ADC_To_ThrottlePercent	24	static
../Core/Application/Src/acquisition.c:101:14:ADC_To_BatteryVoltage	16	static
../Core/Application/Src/acquisition.c:110:6:Acquisition_Init	8	static
../Core/Application/Src/acquisition.c:225:6:Acquisition_Task	128	static
../Core/Application/Src/acquisition.c:530:6:HAL_TIM_IC_CaptureCallback	24	static
