../Core/Application/Src/logger.c:61:6:Logger_Init	8	static
../Core/Application/Src/logger.c:81:6:Logger_Task	8	static
../Core/Application/Src/logger.c:85:13:Logger_GetRTC	16	static
../Core/Application/Src/logger.c:100:13:Logger_FileExists	296	static
../Core/Application/Src/logger.c:106:13:Logger_CreateFilename	80	static
../Core/Application/Src/logger.c:153:13:Logger_Mount	8	static
../Core/Application/Src/logger.c:172:13:Logger_OpenFile	8	static
../Core/Application/Src/logger.c:208:13:Logger_Close	16	static
../Core/Application/Src/logger.c:234:13:Logger_WriteHeader	208	static
../Core/Application/Src/logger.c:270:13:Logger_WriteRecord	272	static
../Core/Application/Src/logger.c:341:13:Logger_Flush	16	static
../Core/Application/Src/logger.c:396:13:Logger_UpdateStatusLED	8	static
../Core/Application/Src/logger.c:422:13:Logger_Service	8	static
../Core/Application/Src/logger.c:478:13:Logger_UpdateSafeRemoveLED	16	static
