../Core/Application/Src/logger.c:61:6:Logger_Init	8	static
../Core/Application/Src/logger.c:81:6:Logger_Task	8	static
../Core/Application/Src/logger.c:85:13:Logger_GetRTC	16	static
../Core/Application/Src/logger.c:100:13:Logger_FileExists	296	static
../Core/Application/Src/logger.c:106:13:Logger_CreateFilename	80	static
../Core/Application/Src/logger.c:153:13:Logger_Mount	8	static
../Core/Application/Src/logger.c:172:13:Logger_OpenFile	8	static
../Core/Application/Src/logger.c:208:13:Logger_Close	16	static
../Core/Application/Src/logger.c:234:13:Logger_WriteHeader	304	static
../Core/Application/Src/logger.c:276:13:Logger_WriteRecord	352	static
../Core/Application/Src/logger.c:360:13:Logger_Flush	16	static
../Core/Application/Src/logger.c:415:13:Logger_UpdateStatusLED	8	static
../Core/Application/Src/logger.c:441:13:Logger_Service	8	static
../Core/Application/Src/logger.c:497:13:Logger_UpdateSafeRemoveLED	16	static
