../Core/Drivers/LCD/lcd_i2c.c:50:26:LCD_Select	8	static
../Core/Drivers/LCD/lcd_i2c.c:55:13:LCD_Deselect	8	static
../Core/Drivers/LCD/lcd_i2c.c:64:26:LCD_Write	24	static
../Core/Drivers/LCD/lcd_i2c.c:77:26:LCD_SendNibble	24	static
../Core/Drivers/LCD/lcd_i2c.c:105:26:LCD_SendByte	16	static
../Core/Drivers/LCD/lcd_i2c.c:121:26:LCD_CommandInternal	16	static
../Core/Drivers/LCD/lcd_i2c.c:139:26:LCD_DataInternal	16	static
../Core/Drivers/LCD/lcd_i2c.c:147:19:LCD_Init	8	static
../Core/Drivers/LCD/lcd_i2c.c:197:19:LCD_Clear	16	static
../Core/Drivers/LCD/lcd_i2c.c:215:19:LCD_Home	16	static
../Core/Drivers/LCD/lcd_i2c.c:233:19:LCD_SetCursor	24	static
../Core/Drivers/LCD/lcd_i2c.c:264:19:LCD_Print	16	static
../Core/Drivers/LCD/lcd_i2c.c:293:19:LCD_PrintAt	24	static
../Core/Drivers/LCD/lcd_i2c.c:347:19:LCD_ScrollLeft	16	static
../Core/Drivers/LCD/lcd_i2c.c:366:19:LCD_ScrollRight	16	static
