../Core/Drivers/LCD/lcd_i2c.c:50:26:LCD_Select	8	static
../Core/Drivers/LCD/lcd_i2c.c:63:13:LCD_Deselect	8	static
../Core/Drivers/LCD/lcd_i2c.c:72:26:LCD_Write	24	static
../Core/Drivers/LCD/lcd_i2c.c:85:26:LCD_SendNibble	24	static
../Core/Drivers/LCD/lcd_i2c.c:113:26:LCD_SendByte	16	static
../Core/Drivers/LCD/lcd_i2c.c:129:26:LCD_CommandInternal	16	static
../Core/Drivers/LCD/lcd_i2c.c:147:26:LCD_DataInternal	16	static
../Core/Drivers/LCD/lcd_i2c.c:155:19:LCD_Init	8	static
../Core/Drivers/LCD/lcd_i2c.c:205:19:LCD_Clear	16	static
../Core/Drivers/LCD/lcd_i2c.c:223:19:LCD_Home	16	static
../Core/Drivers/LCD/lcd_i2c.c:241:19:LCD_SetCursor	24	static
../Core/Drivers/LCD/lcd_i2c.c:272:19:LCD_Print	16	static
../Core/Drivers/LCD/lcd_i2c.c:301:19:LCD_PrintAt	24	static
../Core/Drivers/LCD/lcd_i2c.c:355:19:LCD_ScrollLeft	16	static
../Core/Drivers/LCD/lcd_i2c.c:374:19:LCD_ScrollRight	16	static
